Archive member included to satisfy reference by file (symbol)

d:/intelfpga/18.1/nios2eds/bin/gnu/h-x86_64-mingw32/bin/../lib/gcc/nios2-elf/5.3.0\libgcc.a(lib2-divmod.o)
                              obj/default/hello_world.o (__divsi3)
../led_bsp/\libhal_bsp.a(alt_iic.o)
                              obj/default/hello_world.o (alt_ic_isr_register)
../led_bsp/\libhal_bsp.a(alt_iic_isr_register.o)
                              ../led_bsp/\libhal_bsp.a(alt_iic.o) (alt_iic_isr_register)
../led_bsp/\libhal_bsp.a(alt_irq_entry.o)
                              ../led_bsp/\libhal_bsp.a(alt_iic_isr_register.o) (alt_irq_entry)
../led_bsp/\libhal_bsp.a(alt_irq_handler.o)
                              ../led_bsp/\libhal_bsp.a(alt_iic_isr_register.o) (alt_irq)
../led_bsp/\libhal_bsp.a(alt_irq_vars.o)
                              ../led_bsp/\libhal_bsp.a(alt_iic.o) (alt_irq_active)
../led_bsp/\libhal_bsp.a(alt_load.o)
                              ../led_bsp//obj/HAL/src/crt0.o (alt_load)
../led_bsp/\libhal_bsp.a(alt_main.o)
                              ../led_bsp//obj/HAL/src/crt0.o (alt_main)
../led_bsp/\libhal_bsp.a(alt_usleep.o)
                              obj/default/hello_world.o (usleep)
../led_bsp/\libhal_bsp.a(alt_sys_init.o)
                              ../led_bsp/\libhal_bsp.a(alt_main.o) (alt_irq_init)
../led_bsp/\libhal_bsp.a(altera_avalon_jtag_uart_fd.o)
                              ../led_bsp/\libhal_bsp.a(alt_sys_init.o) (altera_avalon_jtag_uart_read_fd)
../led_bsp/\libhal_bsp.a(altera_avalon_jtag_uart_init.o)
                              ../led_bsp/\libhal_bsp.a(alt_sys_init.o) (altera_avalon_jtag_uart_init)
../led_bsp/\libhal_bsp.a(altera_avalon_jtag_uart_ioctl.o)
                              ../led_bsp/\libhal_bsp.a(altera_avalon_jtag_uart_fd.o) (altera_avalon_jtag_uart_ioctl)
../led_bsp/\libhal_bsp.a(altera_avalon_jtag_uart_read.o)
                              ../led_bsp/\libhal_bsp.a(altera_avalon_jtag_uart_fd.o) (altera_avalon_jtag_uart_read)
../led_bsp/\libhal_bsp.a(altera_avalon_jtag_uart_write.o)
                              ../led_bsp/\libhal_bsp.a(altera_avalon_jtag_uart_fd.o) (altera_avalon_jtag_uart_write)
../led_bsp/\libhal_bsp.a(altera_avalon_timer_sc.o)
                              ../led_bsp/\libhal_bsp.a(alt_sys_init.o) (alt_avalon_timer_sc_init)
../led_bsp/\libhal_bsp.a(alt_alarm_start.o)
                              ../led_bsp/\libhal_bsp.a(altera_avalon_jtag_uart_init.o) (alt_alarm_start)
../led_bsp/\libhal_bsp.a(alt_busy_sleep.o)
                              ../led_bsp/\libhal_bsp.a(alt_usleep.o) (alt_busy_sleep)
../led_bsp/\libhal_bsp.a(alt_close.o)
                              ../led_bsp/\libhal_bsp.a(alt_main.o) (close)
../led_bsp/\libhal_bsp.a(alt_dcache_flush_all.o)
                              ../led_bsp/\libhal_bsp.a(alt_load.o) (alt_dcache_flush_all)
../led_bsp/\libhal_bsp.a(alt_dev.o)
                              ../led_bsp/\libhal_bsp.a(alt_sys_init.o) (alt_dev_list)
../led_bsp/\libhal_bsp.a(alt_dev_llist_insert.o)
                              ../led_bsp/\libhal_bsp.a(alt_sys_init.o) (alt_dev_llist_insert)
../led_bsp/\libhal_bsp.a(alt_do_ctors.o)
                              ../led_bsp/\libhal_bsp.a(alt_main.o) (_do_ctors)
../led_bsp/\libhal_bsp.a(alt_do_dtors.o)
                              ../led_bsp/\libhal_bsp.a(alt_main.o) (_do_dtors)
../led_bsp/\libhal_bsp.a(alt_errno.o)
                              ../led_bsp/\libhal_bsp.a(alt_close.o) (alt_errno)
../led_bsp/\libhal_bsp.a(alt_exception_entry.o)
                              ../led_bsp/\libhal_bsp.a(alt_irq_entry.o) (alt_exception)
../led_bsp/\libhal_bsp.a(alt_icache_flush_all.o)
                              ../led_bsp/\libhal_bsp.a(alt_load.o) (alt_icache_flush_all)
../led_bsp/\libhal_bsp.a(alt_instruction_exception_entry.o)
                              ../led_bsp/\libhal_bsp.a(alt_exception_entry.o) (alt_instruction_exception_entry)
../led_bsp/\libhal_bsp.a(alt_io_redirect.o)
                              ../led_bsp/\libhal_bsp.a(alt_main.o) (alt_io_redirect)
../led_bsp/\libhal_bsp.a(alt_open.o)
                              ../led_bsp/\libhal_bsp.a(alt_io_redirect.o) (open)
../led_bsp/\libhal_bsp.a(alt_release_fd.o)
                              ../led_bsp/\libhal_bsp.a(alt_close.o) (alt_release_fd)
../led_bsp/\libhal_bsp.a(alt_tick.o)
                              ../led_bsp/\libhal_bsp.a(altera_avalon_jtag_uart_init.o) (_alt_tick_rate)
../led_bsp/\libhal_bsp.a(altera_nios2_gen2_irq.o)
                              ../led_bsp/\libhal_bsp.a(alt_sys_init.o) (altera_nios2_gen2_irq_init)
../led_bsp/\libhal_bsp.a(alt_find_dev.o)
                              ../led_bsp/\libhal_bsp.a(alt_open.o) (alt_find_dev)
../led_bsp/\libhal_bsp.a(alt_find_file.o)
                              ../led_bsp/\libhal_bsp.a(alt_open.o) (alt_find_file)
../led_bsp/\libhal_bsp.a(alt_get_fd.o)
                              ../led_bsp/\libhal_bsp.a(alt_open.o) (alt_get_fd)
../led_bsp/\libhal_bsp.a(alt_icache_flush.o)
                              ../led_bsp/\libhal_bsp.a(alt_icache_flush_all.o) (alt_icache_flush)
d:/intelfpga/18.1/nios2eds/bin/gnu/h-x86_64-mingw32/bin/../lib/gcc/nios2-elf/5.3.0/../../../../../H-x86_64-mingw32/nios2-elf/lib\libc.a(lib_a-atexit.o)
                              ../led_bsp/\libhal_bsp.a(alt_main.o) (atexit)
d:/intelfpga/18.1/nios2eds/bin/gnu/h-x86_64-mingw32/bin/../lib/gcc/nios2-elf/5.3.0/../../../../../H-x86_64-mingw32/nios2-elf/lib\libc.a(lib_a-exit.o)
                              ../led_bsp/\libhal_bsp.a(alt_main.o) (exit)
d:/intelfpga/18.1/nios2eds/bin/gnu/h-x86_64-mingw32/bin/../lib/gcc/nios2-elf/5.3.0/../../../../../H-x86_64-mingw32/nios2-elf/lib\libc.a(lib_a-impure.o)
                              d:/intelfpga/18.1/nios2eds/bin/gnu/h-x86_64-mingw32/bin/../lib/gcc/nios2-elf/5.3.0/../../../../../H-x86_64-mingw32/nios2-elf/lib\libc.a(lib_a-exit.o) (_global_impure_ptr)
d:/intelfpga/18.1/nios2eds/bin/gnu/h-x86_64-mingw32/bin/../lib/gcc/nios2-elf/5.3.0/../../../../../H-x86_64-mingw32/nios2-elf/lib\libc.a(lib_a-int_errno.o)
                              ../led_bsp/\libhal_bsp.a(alt_close.o) (errno)
d:/intelfpga/18.1/nios2eds/bin/gnu/h-x86_64-mingw32/bin/../lib/gcc/nios2-elf/5.3.0/../../../../../H-x86_64-mingw32/nios2-elf/lib\libc.a(lib_a-memcmp.o)
                              ../led_bsp/\libhal_bsp.a(alt_find_dev.o) (memcmp)
d:/intelfpga/18.1/nios2eds/bin/gnu/h-x86_64-mingw32/bin/../lib/gcc/nios2-elf/5.3.0/../../../../../H-x86_64-mingw32/nios2-elf/lib\libc.a(lib_a-memcpy.o)
                              ../led_bsp/\libhal_bsp.a(altera_avalon_jtag_uart_read.o) (memcpy)
d:/intelfpga/18.1/nios2eds/bin/gnu/h-x86_64-mingw32/bin/../lib/gcc/nios2-elf/5.3.0/../../../../../H-x86_64-mingw32/nios2-elf/lib\libc.a(lib_a-strlen.o)
                              ../led_bsp/\libhal_bsp.a(alt_find_dev.o) (strlen)
d:/intelfpga/18.1/nios2eds/bin/gnu/h-x86_64-mingw32/bin/../lib/gcc/nios2-elf/5.3.0/../../../../../H-x86_64-mingw32/nios2-elf/lib\libc.a(lib_a-__atexit.o)
                              d:/intelfpga/18.1/nios2eds/bin/gnu/h-x86_64-mingw32/bin/../lib/gcc/nios2-elf/5.3.0/../../../../../H-x86_64-mingw32/nios2-elf/lib\libc.a(lib_a-atexit.o) (__register_exitproc)
d:/intelfpga/18.1/nios2eds/bin/gnu/h-x86_64-mingw32/bin/../lib/gcc/nios2-elf/5.3.0/../../../../../H-x86_64-mingw32/nios2-elf/lib\libc.a(lib_a-__call_atexit.o)
                              d:/intelfpga/18.1/nios2eds/bin/gnu/h-x86_64-mingw32/bin/../lib/gcc/nios2-elf/5.3.0/../../../../../H-x86_64-mingw32/nios2-elf/lib\libc.a(lib_a-exit.o) (__call_exitprocs)
../led_bsp/\libhal_bsp.a(alt_exit.o)
                              d:/intelfpga/18.1/nios2eds/bin/gnu/h-x86_64-mingw32/bin/../lib/gcc/nios2-elf/5.3.0/../../../../../H-x86_64-mingw32/nios2-elf/lib\libc.a(lib_a-exit.o) (_exit)

Allocating common symbols
Common symbol       size              file

alt_irq             0x100             ../led_bsp/\libhal_bsp.a(alt_irq_handler.o)
errno               0x4               d:/intelfpga/18.1/nios2eds/bin/gnu/h-x86_64-mingw32/bin/../lib/gcc/nios2-elf/5.3.0/../../../../../H-x86_64-mingw32/nios2-elf/lib\libc.a(lib_a-int_errno.o)
timer_isr_context   0x4               obj/default/hello_world.o

Memory Configuration

Name             Origin             Length             Attributes
reset            0x0000000000008000 0x0000000000000020
onchip_memory2_0 0x0000000000008020 0x0000000000007fe0
*default*        0x0000000000000000 0xffffffffffffffff

Linker script and memory map

LOAD ../led_bsp//obj/HAL/src/crt0.o
LOAD obj/default/hello_world.o
LOAD d:/intelfpga/18.1/nios2eds/bin/gnu/h-x86_64-mingw32/bin/../lib/gcc/nios2-elf/5.3.0/../../../../../H-x86_64-mingw32/nios2-elf/lib\libstdc++.a
LOAD d:/intelfpga/18.1/nios2eds/bin/gnu/h-x86_64-mingw32/bin/../lib/gcc/nios2-elf/5.3.0/../../../../../H-x86_64-mingw32/nios2-elf/lib\libm.a
LOAD d:/intelfpga/18.1/nios2eds/bin/gnu/h-x86_64-mingw32/bin/../lib/gcc/nios2-elf/5.3.0\libgcc.a
START GROUP
LOAD d:/intelfpga/18.1/nios2eds/bin/gnu/h-x86_64-mingw32/bin/../lib/gcc/nios2-elf/5.3.0/../../../../../H-x86_64-mingw32/nios2-elf/lib\libc.a
LOAD d:/intelfpga/18.1/nios2eds/bin/gnu/h-x86_64-mingw32/bin/../lib/gcc/nios2-elf/5.3.0\libgcc.a
LOAD ../led_bsp/\libhal_bsp.a
LOAD d:/intelfpga/18.1/nios2eds/bin/gnu/h-x86_64-mingw32/bin/../lib/gcc/nios2-elf/5.3.0/../../../../../H-x86_64-mingw32/nios2-elf/lib\libm.a
END GROUP
LOAD d:/intelfpga/18.1/nios2eds/bin/gnu/h-x86_64-mingw32/bin/../lib/gcc/nios2-elf/5.3.0\libgcc.a
                0x0000000000008000                __alt_mem_onchip_memory2_0 = 0x8000

.entry          0x0000000000008000       0x20
 *(.entry)
 .entry         0x0000000000008000       0x20 ../led_bsp//obj/HAL/src/crt0.o
                0x0000000000008000                __reset

.exceptions     0x0000000000008020      0x224
                0x0000000000008020                PROVIDE (__ram_exceptions_start, ABSOLUTE (.))
                0x0000000000008020                . = ALIGN (0x20)
 *(.irq)
 *(.exceptions.entry.label)
 .exceptions.entry.label
                0x0000000000008020        0x0 ../led_bsp/\libhal_bsp.a(alt_irq_entry.o)
                0x0000000000008020                alt_irq_entry
 .exceptions.entry.label
                0x0000000000008020        0x0 ../led_bsp/\libhal_bsp.a(alt_exception_entry.o)
                0x0000000000008020                alt_exception
 *(.exceptions.entry.user)
 *(.exceptions.entry.ecc_fatal)
 *(.exceptions.entry)
 .exceptions.entry
                0x0000000000008020       0x54 ../led_bsp/\libhal_bsp.a(alt_exception_entry.o)
 *(.exceptions.irqtest.user)
 *(.exceptions.irqtest)
 .exceptions.irqtest
                0x0000000000008074       0x10 ../led_bsp/\libhal_bsp.a(alt_irq_entry.o)
 *(.exceptions.irqhandler.user)
 *(.exceptions.irqhandler)
 .exceptions.irqhandler
                0x0000000000008084        0x4 ../led_bsp/\libhal_bsp.a(alt_irq_entry.o)
 *(.exceptions.irqreturn.user)
 *(.exceptions.irqreturn)
 .exceptions.irqreturn
                0x0000000000008088        0x4 ../led_bsp/\libhal_bsp.a(alt_irq_entry.o)
 *(.exceptions.notirq.label)
 .exceptions.notirq.label
                0x000000000000808c        0x0 ../led_bsp/\libhal_bsp.a(alt_irq_entry.o)
 *(.exceptions.notirq.user)
 *(.exceptions.notirq)
 .exceptions.notirq
                0x000000000000808c        0x8 ../led_bsp/\libhal_bsp.a(alt_exception_entry.o)
 *(.exceptions.soft.user)
 *(.exceptions.soft)
 *(.exceptions.unknown.user)
 *(.exceptions.unknown)
 .exceptions.unknown
                0x0000000000008094       0x14 ../led_bsp/\libhal_bsp.a(alt_exception_entry.o)
 *(.exceptions.exit.label)
 .exceptions.exit.label
                0x00000000000080a8        0x0 ../led_bsp/\libhal_bsp.a(alt_irq_entry.o)
 .exceptions.exit.label
                0x00000000000080a8        0x0 ../led_bsp/\libhal_bsp.a(alt_exception_entry.o)
 *(.exceptions.exit.user)
 *(.exceptions.exit)
 .exceptions.exit
                0x00000000000080a8       0x54 ../led_bsp/\libhal_bsp.a(alt_exception_entry.o)
 *(.exceptions)
 .exceptions    0x00000000000080fc       0xd4 ../led_bsp/\libhal_bsp.a(alt_irq_handler.o)
                0x00000000000080fc                alt_irq_handler
 .exceptions    0x00000000000081d0       0x74 ../led_bsp/\libhal_bsp.a(alt_instruction_exception_entry.o)
                0x00000000000081d0                alt_instruction_exception_entry
                0x0000000000008244                PROVIDE (__ram_exceptions_end, ABSOLUTE (.))
                0x0000000000008020                PROVIDE (__flash_exceptions_start, LOADADDR (.exceptions))

.text           0x0000000000008244     0x2840
                [!provide]                        PROVIDE (stext, ABSOLUTE (.))
 *(.interp)
 *(.hash)
 *(.dynsym)
 *(.dynstr)
 *(.gnu.version)
 *(.gnu.version_d)
 *(.gnu.version_r)
 *(.rel.init)
 *(.rela.init)
 *(.rel.text .rel.text.* .rel.gnu.linkonce.t.*)
 *(.rela.text .rela.text.* .rela.gnu.linkonce.t.*)
 *(.rel.fini)
 *(.rela.fini)
 *(.rel.rodata .rel.rodata.* .rel.gnu.linkonce.r.*)
 *(.rela.rodata .rela.rodata.* .rela.gnu.linkonce.r.*)
 *(.rel.data .rel.data.* .rel.gnu.linkonce.d.*)
 *(.rela.data .rela.data.* .rela.gnu.linkonce.d.*)
 *(.rel.tdata .rel.tdata.* .rel.gnu.linkonce.td.*)
 *(.rela.tdata .rela.tdata.* .rela.gnu.linkonce.td.*)
 *(.rel.tbss .rel.tbss.* .rel.gnu.linkonce.tb.*)
 *(.rela.tbss .rela.tbss.* .rela.gnu.linkonce.tb.*)
 *(.rel.ctors)
 *(.rela.ctors)
 *(.rel.dtors)
 *(.rela.dtors)
 *(.rel.got)
 *(.rela.got)
 *(.rel.sdata .rel.sdata.* .rel.gnu.linkonce.s.*)
 *(.rela.sdata .rela.sdata.* .rela.gnu.linkonce.s.*)
 *(.rel.sbss .rel.sbss.* .rel.gnu.linkonce.sb.*)
 *(.rela.sbss .rela.sbss.* .rela.gnu.linkonce.sb.*)
 *(.rel.sdata2 .rel.sdata2.* .rel.gnu.linkonce.s2.*)
 *(.rela.sdata2 .rela.sdata2.* .rela.gnu.linkonce.s2.*)
 *(.rel.sbss2 .rel.sbss2.* .rel.gnu.linkonce.sb2.*)
 *(.rela.sbss2 .rela.sbss2.* .rela.gnu.linkonce.sb2.*)
 *(.rel.bss .rel.bss.* .rel.gnu.linkonce.b.*)
 *(.rela.bss .rela.bss.* .rela.gnu.linkonce.b.*)
 *(.rel.plt)
 *(.rela.plt)
 *(.rel.dyn)
 *(.init)
 *(.plt)
 *(.text .stub .text.* .gnu.linkonce.t.*)
 .text          0x0000000000008244       0x4c ../led_bsp//obj/HAL/src/crt0.o
                0x0000000000008244                _start
 .text          0x0000000000008290      0x16c obj/default/hello_world.o
                0x0000000000008290                Timer_ISR_Interrupt
                0x00000000000082cc                Timer_initial
                0x000000000000833c                main
 .text          0x00000000000083fc      0x1b4 d:/intelfpga/18.1/nios2eds/bin/gnu/h-x86_64-mingw32/bin/../lib/gcc/nios2-elf/5.3.0\libgcc.a(lib2-divmod.o)
                0x00000000000083fc                __divsi3
                0x0000000000008480                __modsi3
                0x00000000000084f4                __udivsi3
                0x0000000000008558                __umodsi3
 .text          0x00000000000085b0      0x1b0 ../led_bsp/\libhal_bsp.a(alt_iic.o)
                0x00000000000085b0                alt_ic_isr_register
                0x0000000000008600                alt_ic_irq_enable
                0x0000000000008688                alt_ic_irq_disable
                0x0000000000008714                alt_ic_irq_enabled
 .text          0x0000000000008760       0xf0 ../led_bsp/\libhal_bsp.a(alt_iic_isr_register.o)
                0x0000000000008760                alt_iic_isr_register
 .text          0x0000000000008850        0x0 ../led_bsp/\libhal_bsp.a(alt_irq_entry.o)
 .text          0x0000000000008850        0x0 ../led_bsp/\libhal_bsp.a(alt_irq_handler.o)
 .text          0x0000000000008850        0x0 ../led_bsp/\libhal_bsp.a(alt_irq_vars.o)
 .text          0x0000000000008850       0xec ../led_bsp/\libhal_bsp.a(alt_load.o)
                0x00000000000088b8                alt_load
 .text          0x000000000000893c       0x7c ../led_bsp/\libhal_bsp.a(alt_main.o)
                0x000000000000893c                alt_main
 .text          0x00000000000089b8       0x30 ../led_bsp/\libhal_bsp.a(alt_usleep.o)
                0x00000000000089b8                usleep
 .text          0x00000000000089e8       0xcc ../led_bsp/\libhal_bsp.a(alt_sys_init.o)
                0x0000000000008a1c                alt_irq_init
                0x0000000000008a54                alt_sys_init
 .text          0x0000000000008ab4      0x164 ../led_bsp/\libhal_bsp.a(altera_avalon_jtag_uart_fd.o)
                0x0000000000008ab4                altera_avalon_jtag_uart_read_fd
                0x0000000000008b14                altera_avalon_jtag_uart_write_fd
                0x0000000000008b74                altera_avalon_jtag_uart_close_fd
                0x0000000000008bc4                altera_avalon_jtag_uart_ioctl_fd
 .text          0x0000000000008c18      0x3d4 ../led_bsp/\libhal_bsp.a(altera_avalon_jtag_uart_init.o)
                0x0000000000008c18                altera_avalon_jtag_uart_init
                0x0000000000008f84                altera_avalon_jtag_uart_close
 .text          0x0000000000008fec       0xf0 ../led_bsp/\libhal_bsp.a(altera_avalon_jtag_uart_ioctl.o)
                0x0000000000008fec                altera_avalon_jtag_uart_ioctl
 .text          0x00000000000090dc      0x21c ../led_bsp/\libhal_bsp.a(altera_avalon_jtag_uart_read.o)
                0x00000000000090dc                altera_avalon_jtag_uart_read
 .text          0x00000000000092f8      0x224 ../led_bsp/\libhal_bsp.a(altera_avalon_jtag_uart_write.o)
                0x00000000000092f8                altera_avalon_jtag_uart_write
 .text          0x000000000000951c       0xf4 ../led_bsp/\libhal_bsp.a(altera_avalon_timer_sc.o)
                0x0000000000009594                alt_avalon_timer_sc_init
 .text          0x0000000000009610      0x12c ../led_bsp/\libhal_bsp.a(alt_alarm_start.o)
                0x0000000000009610                alt_alarm_start
 .text          0x000000000000973c      0x158 ../led_bsp/\libhal_bsp.a(alt_busy_sleep.o)
                0x000000000000973c                alt_busy_sleep
 .text          0x0000000000009894      0x10c ../led_bsp/\libhal_bsp.a(alt_close.o)
                0x00000000000098d0                close
 .text          0x00000000000099a0       0x48 ../led_bsp/\libhal_bsp.a(alt_dcache_flush_all.o)
                0x00000000000099a0                alt_dcache_flush_all
 .text          0x00000000000099e8       0x2c ../led_bsp/\libhal_bsp.a(alt_dev.o)
 .text          0x0000000000009a14       0xe0 ../led_bsp/\libhal_bsp.a(alt_dev_llist_insert.o)
                0x0000000000009a50                alt_dev_llist_insert
 .text          0x0000000000009af4       0x60 ../led_bsp/\libhal_bsp.a(alt_do_ctors.o)
                0x0000000000009af4                _do_ctors
 .text          0x0000000000009b54       0x60 ../led_bsp/\libhal_bsp.a(alt_do_dtors.o)
                0x0000000000009b54                _do_dtors
 .text          0x0000000000009bb4        0x0 ../led_bsp/\libhal_bsp.a(alt_errno.o)
 .text          0x0000000000009bb4        0x0 ../led_bsp/\libhal_bsp.a(alt_exception_entry.o)
 .text          0x0000000000009bb4       0x34 ../led_bsp/\libhal_bsp.a(alt_icache_flush_all.o)
                0x0000000000009bb4                alt_icache_flush_all
 .text          0x0000000000009be8       0x9c ../led_bsp/\libhal_bsp.a(alt_instruction_exception_entry.o)
                0x0000000000009be8                alt_exception_cause_generated_bad_addr
 .text          0x0000000000009c84      0x140 ../led_bsp/\libhal_bsp.a(alt_io_redirect.o)
                0x0000000000009d48                alt_io_redirect
 .text          0x0000000000009dc4      0x254 ../led_bsp/\libhal_bsp.a(alt_open.o)
                0x0000000000009ec4                open
 .text          0x000000000000a018       0x64 ../led_bsp/\libhal_bsp.a(alt_release_fd.o)
                0x000000000000a018                alt_release_fd
 .text          0x000000000000a07c      0x1a4 ../led_bsp/\libhal_bsp.a(alt_tick.o)
                0x000000000000a07c                alt_alarm_stop
                0x000000000000a118                alt_tick
 .text          0x000000000000a220       0x24 ../led_bsp/\libhal_bsp.a(altera_nios2_gen2_irq.o)
                0x000000000000a220                altera_nios2_gen2_irq_init
 .text          0x000000000000a244       0x90 ../led_bsp/\libhal_bsp.a(alt_find_dev.o)
                0x000000000000a244                alt_find_dev
 .text          0x000000000000a2d4      0x108 ../led_bsp/\libhal_bsp.a(alt_find_file.o)
                0x000000000000a2d4                alt_find_file
 .text          0x000000000000a3dc       0xa4 ../led_bsp/\libhal_bsp.a(alt_get_fd.o)
                0x000000000000a3dc                alt_get_fd
 .text          0x000000000000a480       0x90 ../led_bsp/\libhal_bsp.a(alt_icache_flush.o)
                0x000000000000a480                alt_icache_flush
 .text          0x000000000000a510        0x0 d:/intelfpga/18.1/nios2eds/bin/gnu/h-x86_64-mingw32/bin/../lib/gcc/nios2-elf/5.3.0/../../../../../H-x86_64-mingw32/nios2-elf/lib\libc.a(lib_a-atexit.o)
 .text.atexit   0x000000000000a510       0x14 d:/intelfpga/18.1/nios2eds/bin/gnu/h-x86_64-mingw32/bin/../lib/gcc/nios2-elf/5.3.0/../../../../../H-x86_64-mingw32/nios2-elf/lib\libc.a(lib_a-atexit.o)
                0x000000000000a510                atexit
 .text          0x000000000000a524        0x0 d:/intelfpga/18.1/nios2eds/bin/gnu/h-x86_64-mingw32/bin/../lib/gcc/nios2-elf/5.3.0/../../../../../H-x86_64-mingw32/nios2-elf/lib\libc.a(lib_a-exit.o)
 .text.exit     0x000000000000a524       0x38 d:/intelfpga/18.1/nios2eds/bin/gnu/h-x86_64-mingw32/bin/../lib/gcc/nios2-elf/5.3.0/../../../../../H-x86_64-mingw32/nios2-elf/lib\libc.a(lib_a-exit.o)
                0x000000000000a524                exit
 .text          0x000000000000a55c        0x0 d:/intelfpga/18.1/nios2eds/bin/gnu/h-x86_64-mingw32/bin/../lib/gcc/nios2-elf/5.3.0/../../../../../H-x86_64-mingw32/nios2-elf/lib\libc.a(lib_a-impure.o)
 .text          0x000000000000a55c        0x0 d:/intelfpga/18.1/nios2eds/bin/gnu/h-x86_64-mingw32/bin/../lib/gcc/nios2-elf/5.3.0/../../../../../H-x86_64-mingw32/nios2-elf/lib\libc.a(lib_a-int_errno.o)
 .text          0x000000000000a55c        0x0 d:/intelfpga/18.1/nios2eds/bin/gnu/h-x86_64-mingw32/bin/../lib/gcc/nios2-elf/5.3.0/../../../../../H-x86_64-mingw32/nios2-elf/lib\libc.a(lib_a-memcmp.o)
 .text.memcmp   0x000000000000a55c       0x7c d:/intelfpga/18.1/nios2eds/bin/gnu/h-x86_64-mingw32/bin/../lib/gcc/nios2-elf/5.3.0/../../../../../H-x86_64-mingw32/nios2-elf/lib\libc.a(lib_a-memcmp.o)
                0x000000000000a55c                memcmp
 .text          0x000000000000a5d8        0x0 d:/intelfpga/18.1/nios2eds/bin/gnu/h-x86_64-mingw32/bin/../lib/gcc/nios2-elf/5.3.0/../../../../../H-x86_64-mingw32/nios2-elf/lib\libc.a(lib_a-memcpy.o)
 .text.memcpy   0x000000000000a5d8      0x148 d:/intelfpga/18.1/nios2eds/bin/gnu/h-x86_64-mingw32/bin/../lib/gcc/nios2-elf/5.3.0/../../../../../H-x86_64-mingw32/nios2-elf/lib\libc.a(lib_a-memcpy.o)
                0x000000000000a5d8                memcpy
 .text          0x000000000000a720        0x0 d:/intelfpga/18.1/nios2eds/bin/gnu/h-x86_64-mingw32/bin/../lib/gcc/nios2-elf/5.3.0/../../../../../H-x86_64-mingw32/nios2-elf/lib\libc.a(lib_a-strlen.o)
 .text.strlen   0x000000000000a720       0x98 d:/intelfpga/18.1/nios2eds/bin/gnu/h-x86_64-mingw32/bin/../lib/gcc/nios2-elf/5.3.0/../../../../../H-x86_64-mingw32/nios2-elf/lib\libc.a(lib_a-strlen.o)
                0x000000000000a720                strlen
 .text          0x000000000000a7b8        0x0 d:/intelfpga/18.1/nios2eds/bin/gnu/h-x86_64-mingw32/bin/../lib/gcc/nios2-elf/5.3.0/../../../../../H-x86_64-mingw32/nios2-elf/lib\libc.a(lib_a-__atexit.o)
 .text.__register_exitproc
                0x000000000000a7b8      0x118 d:/intelfpga/18.1/nios2eds/bin/gnu/h-x86_64-mingw32/bin/../lib/gcc/nios2-elf/5.3.0/../../../../../H-x86_64-mingw32/nios2-elf/lib\libc.a(lib_a-__atexit.o)
                0x000000000000a7b8                __register_exitproc
 .text          0x000000000000a8d0        0x0 d:/intelfpga/18.1/nios2eds/bin/gnu/h-x86_64-mingw32/bin/../lib/gcc/nios2-elf/5.3.0/../../../../../H-x86_64-mingw32/nios2-elf/lib\libc.a(lib_a-__call_atexit.o)
 .text.__call_exitprocs
                0x000000000000a8d0      0x180 d:/intelfpga/18.1/nios2eds/bin/gnu/h-x86_64-mingw32/bin/../lib/gcc/nios2-elf/5.3.0/../../../../../H-x86_64-mingw32/nios2-elf/lib\libc.a(lib_a-__call_atexit.o)
                0x000000000000a8d0                __call_exitprocs
 .text          0x000000000000aa50       0x34 ../led_bsp/\libhal_bsp.a(alt_exit.o)
                0x000000000000aa50                _exit
 *(.gnu.warning.*)
 *(.fini)
                [!provide]                        PROVIDE (__etext, ABSOLUTE (.))
                [!provide]                        PROVIDE (_etext, ABSOLUTE (.))
                [!provide]                        PROVIDE (etext, ABSOLUTE (.))
 *(.eh_frame_hdr)
                0x000000000000aa84                . = ALIGN (0x4)
                [!provide]                        PROVIDE (__preinit_array_start, ABSOLUTE (.))
 *(.preinit_array)
                [!provide]                        PROVIDE (__preinit_array_end, ABSOLUTE (.))
                [!provide]                        PROVIDE (__init_array_start, ABSOLUTE (.))
 *(.init_array)
                [!provide]                        PROVIDE (__init_array_end, ABSOLUTE (.))
                [!provide]                        PROVIDE (__fini_array_start, ABSOLUTE (.))
 *(.fini_array)
                [!provide]                        PROVIDE (__fini_array_end, ABSOLUTE (.))
 *(.eh_frame)
 *(.gcc_except_table .gcc_except_table.*)
 *(.dynamic)
                0x000000000000aa84                PROVIDE (__CTOR_LIST__, ABSOLUTE (.))
 *(.ctors)
 *(SORT(.ctors.*))
                0x000000000000aa84                PROVIDE (__CTOR_END__, ABSOLUTE (.))
                0x000000000000aa84                PROVIDE (__DTOR_LIST__, ABSOLUTE (.))
 *(.dtors)
 *(SORT(.dtors.*))
                0x000000000000aa84                PROVIDE (__DTOR_END__, ABSOLUTE (.))
 *(.jcr)
                0x000000000000aa84                . = ALIGN (0x4)

.rodata         0x000000000000aa84       0x38
                0x000000000000aa84                PROVIDE (__ram_rodata_start, ABSOLUTE (.))
                0x000000000000aa84                . = ALIGN (0x4)
 *(.rodata .rodata.* .gnu.linkonce.r.*)
 .rodata        0x000000000000aa84       0x11 ../led_bsp/\libhal_bsp.a(alt_main.o)
 *fill*         0x000000000000aa95        0x3 
 .rodata        0x000000000000aa98       0x11 ../led_bsp/\libhal_bsp.a(alt_sys_init.o)
 *fill*         0x000000000000aaa9        0x3 
 .rodata        0x000000000000aaac        0xa ../led_bsp/\libhal_bsp.a(alt_dev.o)
 *fill*         0x000000000000aab6        0x2 
 .rodata.str1.4
                0x000000000000aab8        0x4 d:/intelfpga/18.1/nios2eds/bin/gnu/h-x86_64-mingw32/bin/../lib/gcc/nios2-elf/5.3.0/../../../../../H-x86_64-mingw32/nios2-elf/lib\libc.a(lib_a-impure.o)
                                          0x2 (size before relaxing)
 *(.rodata1)
                0x000000000000aabc                . = ALIGN (0x4)
                0x000000000000aabc                PROVIDE (__ram_rodata_end, ABSOLUTE (.))
                0x000000000000aa84                PROVIDE (__flash_rodata_start, LOADADDR (.rodata))

.rwdata         0x000000000000aabc     0x1658 load address 0x000000000000c114
                0x000000000000aabc                PROVIDE (__ram_rwdata_start, ABSOLUTE (.))
                0x000000000000aabc                . = ALIGN (0x4)
 *(.got.plt)
 *(.got)
 *(.data1)
 *(.data .data.* .gnu.linkonce.d.*)
 .data          0x000000000000aabc        0x0 ../led_bsp//obj/HAL/src/crt0.o
 .data          0x000000000000aabc        0x0 obj/default/hello_world.o
 .data          0x000000000000aabc        0x0 d:/intelfpga/18.1/nios2eds/bin/gnu/h-x86_64-mingw32/bin/../lib/gcc/nios2-elf/5.3.0\libgcc.a(lib2-divmod.o)
 .data          0x000000000000aabc        0x0 ../led_bsp/\libhal_bsp.a(alt_iic.o)
 .data          0x000000000000aabc        0x0 ../led_bsp/\libhal_bsp.a(alt_iic_isr_register.o)
 .data          0x000000000000aabc        0x0 ../led_bsp/\libhal_bsp.a(alt_irq_entry.o)
 .data          0x000000000000aabc        0x0 ../led_bsp/\libhal_bsp.a(alt_irq_handler.o)
 .data          0x000000000000aabc        0x0 ../led_bsp/\libhal_bsp.a(alt_irq_vars.o)
 .data          0x000000000000aabc        0x0 ../led_bsp/\libhal_bsp.a(alt_load.o)
 .data          0x000000000000aabc        0x0 ../led_bsp/\libhal_bsp.a(alt_main.o)
 .data          0x000000000000aabc        0x0 ../led_bsp/\libhal_bsp.a(alt_usleep.o)
 .data          0x000000000000aabc     0x1060 ../led_bsp/\libhal_bsp.a(alt_sys_init.o)
 .data          0x000000000000bb1c        0x0 ../led_bsp/\libhal_bsp.a(altera_avalon_jtag_uart_fd.o)
 .data          0x000000000000bb1c        0x0 ../led_bsp/\libhal_bsp.a(altera_avalon_jtag_uart_init.o)
 .data          0x000000000000bb1c        0x0 ../led_bsp/\libhal_bsp.a(altera_avalon_jtag_uart_ioctl.o)
 .data          0x000000000000bb1c        0x0 ../led_bsp/\libhal_bsp.a(altera_avalon_jtag_uart_read.o)
 .data          0x000000000000bb1c        0x0 ../led_bsp/\libhal_bsp.a(altera_avalon_jtag_uart_write.o)
 .data          0x000000000000bb1c        0x0 ../led_bsp/\libhal_bsp.a(altera_avalon_timer_sc.o)
 .data          0x000000000000bb1c        0x0 ../led_bsp/\libhal_bsp.a(alt_alarm_start.o)
 .data          0x000000000000bb1c        0x0 ../led_bsp/\libhal_bsp.a(alt_busy_sleep.o)
 .data          0x000000000000bb1c        0x0 ../led_bsp/\libhal_bsp.a(alt_close.o)
 .data          0x000000000000bb1c        0x0 ../led_bsp/\libhal_bsp.a(alt_dcache_flush_all.o)
 .data          0x000000000000bb1c      0x1a8 ../led_bsp/\libhal_bsp.a(alt_dev.o)
                0x000000000000bb1c                alt_dev_null
                0x000000000000bb44                alt_fd_list
 .data          0x000000000000bcc4        0x0 ../led_bsp/\libhal_bsp.a(alt_dev_llist_insert.o)
 .data          0x000000000000bcc4        0x0 ../led_bsp/\libhal_bsp.a(alt_do_ctors.o)
 .data          0x000000000000bcc4        0x0 ../led_bsp/\libhal_bsp.a(alt_do_dtors.o)
 .data          0x000000000000bcc4        0x0 ../led_bsp/\libhal_bsp.a(alt_errno.o)
 .data          0x000000000000bcc4        0x0 ../led_bsp/\libhal_bsp.a(alt_exception_entry.o)
 .data          0x000000000000bcc4        0x0 ../led_bsp/\libhal_bsp.a(alt_icache_flush_all.o)
 .data          0x000000000000bcc4        0x0 ../led_bsp/\libhal_bsp.a(alt_instruction_exception_entry.o)
 .data          0x000000000000bcc4        0x0 ../led_bsp/\libhal_bsp.a(alt_io_redirect.o)
 .data          0x000000000000bcc4        0x0 ../led_bsp/\libhal_bsp.a(alt_open.o)
 .data          0x000000000000bcc4        0x0 ../led_bsp/\libhal_bsp.a(alt_release_fd.o)
 .data          0x000000000000bcc4        0x0 ../led_bsp/\libhal_bsp.a(alt_tick.o)
 .data          0x000000000000bcc4        0x0 ../led_bsp/\libhal_bsp.a(altera_nios2_gen2_irq.o)
 .data          0x000000000000bcc4        0x0 ../led_bsp/\libhal_bsp.a(alt_find_dev.o)
 .data          0x000000000000bcc4        0x0 ../led_bsp/\libhal_bsp.a(alt_find_file.o)
 .data          0x000000000000bcc4        0x0 ../led_bsp/\libhal_bsp.a(alt_get_fd.o)
 .data          0x000000000000bcc4        0x0 ../led_bsp/\libhal_bsp.a(alt_icache_flush.o)
 .data          0x000000000000bcc4        0x0 d:/intelfpga/18.1/nios2eds/bin/gnu/h-x86_64-mingw32/bin/../lib/gcc/nios2-elf/5.3.0/../../../../../H-x86_64-mingw32/nios2-elf/lib\libc.a(lib_a-atexit.o)
 .data          0x000000000000bcc4        0x0 d:/intelfpga/18.1/nios2eds/bin/gnu/h-x86_64-mingw32/bin/../lib/gcc/nios2-elf/5.3.0/../../../../../H-x86_64-mingw32/nios2-elf/lib\libc.a(lib_a-exit.o)
 .data          0x000000000000bcc4        0x0 d:/intelfpga/18.1/nios2eds/bin/gnu/h-x86_64-mingw32/bin/../lib/gcc/nios2-elf/5.3.0/../../../../../H-x86_64-mingw32/nios2-elf/lib\libc.a(lib_a-impure.o)
 .data.impure_data
                0x000000000000bcc4      0x424 d:/intelfpga/18.1/nios2eds/bin/gnu/h-x86_64-mingw32/bin/../lib/gcc/nios2-elf/5.3.0/../../../../../H-x86_64-mingw32/nios2-elf/lib\libc.a(lib_a-impure.o)
 .data          0x000000000000c0e8        0x0 d:/intelfpga/18.1/nios2eds/bin/gnu/h-x86_64-mingw32/bin/../lib/gcc/nios2-elf/5.3.0/../../../../../H-x86_64-mingw32/nios2-elf/lib\libc.a(lib_a-int_errno.o)
 .data          0x000000000000c0e8        0x0 d:/intelfpga/18.1/nios2eds/bin/gnu/h-x86_64-mingw32/bin/../lib/gcc/nios2-elf/5.3.0/../../../../../H-x86_64-mingw32/nios2-elf/lib\libc.a(lib_a-memcmp.o)
 .data          0x000000000000c0e8        0x0 d:/intelfpga/18.1/nios2eds/bin/gnu/h-x86_64-mingw32/bin/../lib/gcc/nios2-elf/5.3.0/../../../../../H-x86_64-mingw32/nios2-elf/lib\libc.a(lib_a-memcpy.o)
 .data          0x000000000000c0e8        0x0 d:/intelfpga/18.1/nios2eds/bin/gnu/h-x86_64-mingw32/bin/../lib/gcc/nios2-elf/5.3.0/../../../../../H-x86_64-mingw32/nios2-elf/lib\libc.a(lib_a-strlen.o)
 .data          0x000000000000c0e8        0x0 d:/intelfpga/18.1/nios2eds/bin/gnu/h-x86_64-mingw32/bin/../lib/gcc/nios2-elf/5.3.0/../../../../../H-x86_64-mingw32/nios2-elf/lib\libc.a(lib_a-__atexit.o)
 .data          0x000000000000c0e8        0x0 d:/intelfpga/18.1/nios2eds/bin/gnu/h-x86_64-mingw32/bin/../lib/gcc/nios2-elf/5.3.0/../../../../../H-x86_64-mingw32/nios2-elf/lib\libc.a(lib_a-__call_atexit.o)
 .data          0x000000000000c0e8        0x0 ../led_bsp/\libhal_bsp.a(alt_exit.o)
                0x00000000000140e8                _gp = ABSOLUTE ((. + 0x8000))
                [!provide]                        PROVIDE (gp, _gp)
 *(.rwdata .rwdata.*)
 *(.sdata .sdata.* .gnu.linkonce.s.*)
 .sdata         0x000000000000c0e8        0x4 ../led_bsp/\libhal_bsp.a(alt_irq_vars.o)
                0x000000000000c0e8                alt_priority_mask
 .sdata         0x000000000000c0ec       0x14 ../led_bsp/\libhal_bsp.a(alt_dev.o)
                0x000000000000c0ec                alt_fs_list
                0x000000000000c0f4                alt_dev_list
                0x000000000000c0fc                alt_max_fd
 .sdata         0x000000000000c100        0x4 ../led_bsp/\libhal_bsp.a(alt_errno.o)
                0x000000000000c100                alt_errno
 .sdata         0x000000000000c104        0x8 ../led_bsp/\libhal_bsp.a(alt_tick.o)
                0x000000000000c104                alt_alarm_list
 .sdata._global_impure_ptr
                0x000000000000c10c        0x4 d:/intelfpga/18.1/nios2eds/bin/gnu/h-x86_64-mingw32/bin/../lib/gcc/nios2-elf/5.3.0/../../../../../H-x86_64-mingw32/nios2-elf/lib\libc.a(lib_a-impure.o)
                0x000000000000c10c                _global_impure_ptr
 .sdata._impure_ptr
                0x000000000000c110        0x4 d:/intelfpga/18.1/nios2eds/bin/gnu/h-x86_64-mingw32/bin/../lib/gcc/nios2-elf/5.3.0/../../../../../H-x86_64-mingw32/nios2-elf/lib\libc.a(lib_a-impure.o)
                0x000000000000c110                _impure_ptr
 *(.sdata2 .sdata2.* .gnu.linkonce.s2.*)
                0x000000000000c114                . = ALIGN (0x4)
                0x000000000000c114                _edata = ABSOLUTE (.)
                [!provide]                        PROVIDE (edata, ABSOLUTE (.))
                0x000000000000c114                PROVIDE (__ram_rwdata_end, ABSOLUTE (.))
                0x000000000000c114                PROVIDE (__flash_rwdata_start, LOADADDR (.rwdata))

.bss            0x000000000000d76c      0x128
                0x000000000000d76c                __bss_start = ABSOLUTE (.)
                [!provide]                        PROVIDE (__sbss_start, ABSOLUTE (.))
                [!provide]                        PROVIDE (___sbss_start, ABSOLUTE (.))
 *(.dynsbss)
 *(.sbss .sbss.* .gnu.linkonce.sb.*)
 .sbss          0x000000000000d76c        0x1 obj/default/hello_world.o
                0x000000000000d76c                i
 *fill*         0x000000000000d76d        0x3 
 .sbss          0x000000000000d770        0x4 obj/default/hello_world.o
                0x000000000000d770                timer_isr_context
 .sbss          0x000000000000d774        0x4 ../led_bsp/\libhal_bsp.a(alt_irq_vars.o)
                0x000000000000d774                alt_irq_active
 .sbss          0x000000000000d778        0xc ../led_bsp/\libhal_bsp.a(alt_main.o)
                0x000000000000d778                alt_argc
                0x000000000000d77c                alt_argv
                0x000000000000d780                alt_envp
 .sbss          0x000000000000d784        0x4 ../led_bsp/\libhal_bsp.a(alt_instruction_exception_entry.o)
                0x000000000000d784                alt_instruction_exception_handler
 .sbss          0x000000000000d788        0x8 ../led_bsp/\libhal_bsp.a(alt_tick.o)
                0x000000000000d788                _alt_tick_rate
                0x000000000000d78c                _alt_nticks
 .sbss          0x000000000000d790        0x4 d:/intelfpga/18.1/nios2eds/bin/gnu/h-x86_64-mingw32/bin/../lib/gcc/nios2-elf/5.3.0/../../../../../H-x86_64-mingw32/nios2-elf/lib\libc.a(lib_a-int_errno.o)
                0x000000000000d790                errno
 *(.sbss2 .sbss2.* .gnu.linkonce.sb2.*)
 *(.scommon)
                [!provide]                        PROVIDE (__sbss_end, ABSOLUTE (.))
                [!provide]                        PROVIDE (___sbss_end, ABSOLUTE (.))
 *(.dynbss)
 *(.bss .bss.* .gnu.linkonce.b.*)
 .bss           0x000000000000d794        0x0 ../led_bsp//obj/HAL/src/crt0.o
 .bss           0x000000000000d794        0x0 obj/default/hello_world.o
 .bss           0x000000000000d794        0x0 d:/intelfpga/18.1/nios2eds/bin/gnu/h-x86_64-mingw32/bin/../lib/gcc/nios2-elf/5.3.0\libgcc.a(lib2-divmod.o)
 .bss           0x000000000000d794        0x0 ../led_bsp/\libhal_bsp.a(alt_iic.o)
 .bss           0x000000000000d794        0x0 ../led_bsp/\libhal_bsp.a(alt_iic_isr_register.o)
 .bss           0x000000000000d794        0x0 ../led_bsp/\libhal_bsp.a(alt_irq_entry.o)
 .bss           0x000000000000d794        0x0 ../led_bsp/\libhal_bsp.a(alt_irq_handler.o)
 .bss           0x000000000000d794        0x0 ../led_bsp/\libhal_bsp.a(alt_irq_vars.o)
 .bss           0x000000000000d794        0x0 ../led_bsp/\libhal_bsp.a(alt_load.o)
 .bss           0x000000000000d794        0x0 ../led_bsp/\libhal_bsp.a(alt_main.o)
 .bss           0x000000000000d794        0x0 ../led_bsp/\libhal_bsp.a(alt_usleep.o)
 .bss           0x000000000000d794        0x0 ../led_bsp/\libhal_bsp.a(alt_sys_init.o)
 .bss           0x000000000000d794        0x0 ../led_bsp/\libhal_bsp.a(altera_avalon_jtag_uart_fd.o)
 .bss           0x000000000000d794        0x0 ../led_bsp/\libhal_bsp.a(altera_avalon_jtag_uart_init.o)
 .bss           0x000000000000d794        0x0 ../led_bsp/\libhal_bsp.a(altera_avalon_jtag_uart_ioctl.o)
 .bss           0x000000000000d794        0x0 ../led_bsp/\libhal_bsp.a(altera_avalon_jtag_uart_read.o)
 .bss           0x000000000000d794        0x0 ../led_bsp/\libhal_bsp.a(altera_avalon_jtag_uart_write.o)
 .bss           0x000000000000d794        0x0 ../led_bsp/\libhal_bsp.a(altera_avalon_timer_sc.o)
 .bss           0x000000000000d794        0x0 ../led_bsp/\libhal_bsp.a(alt_alarm_start.o)
 .bss           0x000000000000d794        0x0 ../led_bsp/\libhal_bsp.a(alt_busy_sleep.o)
 .bss           0x000000000000d794        0x0 ../led_bsp/\libhal_bsp.a(alt_close.o)
 .bss           0x000000000000d794        0x0 ../led_bsp/\libhal_bsp.a(alt_dcache_flush_all.o)
 .bss           0x000000000000d794        0x0 ../led_bsp/\libhal_bsp.a(alt_dev.o)
 .bss           0x000000000000d794        0x0 ../led_bsp/\libhal_bsp.a(alt_dev_llist_insert.o)
 .bss           0x000000000000d794        0x0 ../led_bsp/\libhal_bsp.a(alt_do_ctors.o)
 .bss           0x000000000000d794        0x0 ../led_bsp/\libhal_bsp.a(alt_do_dtors.o)
 .bss           0x000000000000d794        0x0 ../led_bsp/\libhal_bsp.a(alt_errno.o)
 .bss           0x000000000000d794        0x0 ../led_bsp/\libhal_bsp.a(alt_exception_entry.o)
 .bss           0x000000000000d794        0x0 ../led_bsp/\libhal_bsp.a(alt_icache_flush_all.o)
 .bss           0x000000000000d794        0x0 ../led_bsp/\libhal_bsp.a(alt_instruction_exception_entry.o)
 .bss           0x000000000000d794        0x0 ../led_bsp/\libhal_bsp.a(alt_io_redirect.o)
 .bss           0x000000000000d794        0x0 ../led_bsp/\libhal_bsp.a(alt_open.o)
 .bss           0x000000000000d794        0x0 ../led_bsp/\libhal_bsp.a(alt_release_fd.o)
 .bss           0x000000000000d794        0x0 ../led_bsp/\libhal_bsp.a(alt_tick.o)
 .bss           0x000000000000d794        0x0 ../led_bsp/\libhal_bsp.a(altera_nios2_gen2_irq.o)
 .bss           0x000000000000d794        0x0 ../led_bsp/\libhal_bsp.a(alt_find_dev.o)
 .bss           0x000000000000d794        0x0 ../led_bsp/\libhal_bsp.a(alt_find_file.o)
 .bss           0x000000000000d794        0x0 ../led_bsp/\libhal_bsp.a(alt_get_fd.o)
 .bss           0x000000000000d794        0x0 ../led_bsp/\libhal_bsp.a(alt_icache_flush.o)
 .bss           0x000000000000d794        0x0 d:/intelfpga/18.1/nios2eds/bin/gnu/h-x86_64-mingw32/bin/../lib/gcc/nios2-elf/5.3.0/../../../../../H-x86_64-mingw32/nios2-elf/lib\libc.a(lib_a-atexit.o)
 .bss           0x000000000000d794        0x0 d:/intelfpga/18.1/nios2eds/bin/gnu/h-x86_64-mingw32/bin/../lib/gcc/nios2-elf/5.3.0/../../../../../H-x86_64-mingw32/nios2-elf/lib\libc.a(lib_a-exit.o)
 .bss           0x000000000000d794        0x0 d:/intelfpga/18.1/nios2eds/bin/gnu/h-x86_64-mingw32/bin/../lib/gcc/nios2-elf/5.3.0/../../../../../H-x86_64-mingw32/nios2-elf/lib\libc.a(lib_a-impure.o)
 .bss           0x000000000000d794        0x0 d:/intelfpga/18.1/nios2eds/bin/gnu/h-x86_64-mingw32/bin/../lib/gcc/nios2-elf/5.3.0/../../../../../H-x86_64-mingw32/nios2-elf/lib\libc.a(lib_a-int_errno.o)
 .bss           0x000000000000d794        0x0 d:/intelfpga/18.1/nios2eds/bin/gnu/h-x86_64-mingw32/bin/../lib/gcc/nios2-elf/5.3.0/../../../../../H-x86_64-mingw32/nios2-elf/lib\libc.a(lib_a-memcmp.o)
 .bss           0x000000000000d794        0x0 d:/intelfpga/18.1/nios2eds/bin/gnu/h-x86_64-mingw32/bin/../lib/gcc/nios2-elf/5.3.0/../../../../../H-x86_64-mingw32/nios2-elf/lib\libc.a(lib_a-memcpy.o)
 .bss           0x000000000000d794        0x0 d:/intelfpga/18.1/nios2eds/bin/gnu/h-x86_64-mingw32/bin/../lib/gcc/nios2-elf/5.3.0/../../../../../H-x86_64-mingw32/nios2-elf/lib\libc.a(lib_a-strlen.o)
 .bss           0x000000000000d794        0x0 d:/intelfpga/18.1/nios2eds/bin/gnu/h-x86_64-mingw32/bin/../lib/gcc/nios2-elf/5.3.0/../../../../../H-x86_64-mingw32/nios2-elf/lib\libc.a(lib_a-__atexit.o)
 .bss           0x000000000000d794        0x0 d:/intelfpga/18.1/nios2eds/bin/gnu/h-x86_64-mingw32/bin/../lib/gcc/nios2-elf/5.3.0/../../../../../H-x86_64-mingw32/nios2-elf/lib\libc.a(lib_a-__call_atexit.o)
 .bss           0x000000000000d794        0x0 ../led_bsp/\libhal_bsp.a(alt_exit.o)
 *(COMMON)
 COMMON         0x000000000000d794      0x100 ../led_bsp/\libhal_bsp.a(alt_irq_handler.o)
                0x000000000000d794                alt_irq
                0x000000000000d894                . = ALIGN (0x4)
                0x000000000000d894                __bss_end = ABSOLUTE (.)

.onchip_memory2_0
                0x000000000000d894        0x0
                [!provide]                        PROVIDE (_alt_partition_onchip_memory2_0_start, ABSOLUTE (.))
 *(.onchip_memory2_0 .onchip_memory2_0. onchip_memory2_0.*)
                0x000000000000d894                . = ALIGN (0x4)
                [!provide]                        PROVIDE (_alt_partition_onchip_memory2_0_end, ABSOLUTE (.))
                0x000000000000d894                _end = ABSOLUTE (.)
                0x000000000000d894                end = ABSOLUTE (.)
                0x000000000000d894                __alt_stack_base = ABSOLUTE (.)
                [!provide]                        PROVIDE (_alt_partition_onchip_memory2_0_load_addr, LOADADDR (.onchip_memory2_0))

.stab
 *(.stab)

.stabstr
 *(.stabstr)

.stab.excl
 *(.stab.excl)

.stab.exclstr
 *(.stab.exclstr)

.stab.index
 *(.stab.index)

.stab.indexstr
 *(.stab.indexstr)

.comment        0x0000000000000000       0x46
 *(.comment)
 .comment       0x0000000000000000       0x23 obj/default/hello_world.o
                                         0x24 (size before relaxing)
 .comment       0x0000000000000023       0x24 d:/intelfpga/18.1/nios2eds/bin/gnu/h-x86_64-mingw32/bin/../lib/gcc/nios2-elf/5.3.0\libgcc.a(lib2-divmod.o)
 .comment       0x0000000000000023       0x23 ../led_bsp/\libhal_bsp.a(alt_iic.o)
                                         0x24 (size before relaxing)
 .comment       0x0000000000000046       0x24 ../led_bsp/\libhal_bsp.a(alt_iic_isr_register.o)
 .comment       0x0000000000000046       0x24 ../led_bsp/\libhal_bsp.a(alt_irq_handler.o)
 .comment       0x0000000000000046       0x24 ../led_bsp/\libhal_bsp.a(alt_irq_vars.o)
 .comment       0x0000000000000046       0x24 ../led_bsp/\libhal_bsp.a(alt_load.o)
 .comment       0x0000000000000046       0x24 ../led_bsp/\libhal_bsp.a(alt_main.o)
 .comment       0x0000000000000046       0x24 ../led_bsp/\libhal_bsp.a(alt_usleep.o)
 .comment       0x0000000000000046       0x24 ../led_bsp/\libhal_bsp.a(alt_sys_init.o)
 .comment       0x0000000000000046       0x24 ../led_bsp/\libhal_bsp.a(altera_avalon_jtag_uart_fd.o)
 .comment       0x0000000000000046       0x24 ../led_bsp/\libhal_bsp.a(altera_avalon_jtag_uart_init.o)
 .comment       0x0000000000000046       0x24 ../led_bsp/\libhal_bsp.a(altera_avalon_jtag_uart_ioctl.o)
 .comment       0x0000000000000046       0x24 ../led_bsp/\libhal_bsp.a(altera_avalon_jtag_uart_read.o)
 .comment       0x0000000000000046       0x24 ../led_bsp/\libhal_bsp.a(altera_avalon_jtag_uart_write.o)
 .comment       0x0000000000000046       0x24 ../led_bsp/\libhal_bsp.a(altera_avalon_timer_sc.o)
 .comment       0x0000000000000046       0x24 ../led_bsp/\libhal_bsp.a(alt_alarm_start.o)
 .comment       0x0000000000000046       0x24 ../led_bsp/\libhal_bsp.a(alt_busy_sleep.o)
 .comment       0x0000000000000046       0x24 ../led_bsp/\libhal_bsp.a(alt_close.o)
 .comment       0x0000000000000046       0x24 ../led_bsp/\libhal_bsp.a(alt_dcache_flush_all.o)
 .comment       0x0000000000000046       0x24 ../led_bsp/\libhal_bsp.a(alt_dev.o)
 .comment       0x0000000000000046       0x24 ../led_bsp/\libhal_bsp.a(alt_dev_llist_insert.o)
 .comment       0x0000000000000046       0x24 ../led_bsp/\libhal_bsp.a(alt_do_ctors.o)
 .comment       0x0000000000000046       0x24 ../led_bsp/\libhal_bsp.a(alt_do_dtors.o)
 .comment       0x0000000000000046       0x24 ../led_bsp/\libhal_bsp.a(alt_errno.o)
 .comment       0x0000000000000046       0x24 ../led_bsp/\libhal_bsp.a(alt_icache_flush_all.o)
 .comment       0x0000000000000046       0x24 ../led_bsp/\libhal_bsp.a(alt_instruction_exception_entry.o)
 .comment       0x0000000000000046       0x24 ../led_bsp/\libhal_bsp.a(alt_io_redirect.o)
 .comment       0x0000000000000046       0x24 ../led_bsp/\libhal_bsp.a(alt_open.o)
 .comment       0x0000000000000046       0x24 ../led_bsp/\libhal_bsp.a(alt_release_fd.o)
 .comment       0x0000000000000046       0x24 ../led_bsp/\libhal_bsp.a(alt_tick.o)
 .comment       0x0000000000000046       0x24 ../led_bsp/\libhal_bsp.a(altera_nios2_gen2_irq.o)
 .comment       0x0000000000000046       0x24 ../led_bsp/\libhal_bsp.a(alt_find_dev.o)
 .comment       0x0000000000000046       0x24 ../led_bsp/\libhal_bsp.a(alt_find_file.o)
 .comment       0x0000000000000046       0x24 ../led_bsp/\libhal_bsp.a(alt_get_fd.o)
 .comment       0x0000000000000046       0x24 ../led_bsp/\libhal_bsp.a(alt_icache_flush.o)
 .comment       0x0000000000000046       0x24 d:/intelfpga/18.1/nios2eds/bin/gnu/h-x86_64-mingw32/bin/../lib/gcc/nios2-elf/5.3.0/../../../../../H-x86_64-mingw32/nios2-elf/lib\libc.a(lib_a-atexit.o)
 .comment       0x0000000000000046       0x24 d:/intelfpga/18.1/nios2eds/bin/gnu/h-x86_64-mingw32/bin/../lib/gcc/nios2-elf/5.3.0/../../../../../H-x86_64-mingw32/nios2-elf/lib\libc.a(lib_a-exit.o)
 .comment       0x0000000000000046       0x24 d:/intelfpga/18.1/nios2eds/bin/gnu/h-x86_64-mingw32/bin/../lib/gcc/nios2-elf/5.3.0/../../../../../H-x86_64-mingw32/nios2-elf/lib\libc.a(lib_a-impure.o)
 .comment       0x0000000000000046       0x24 d:/intelfpga/18.1/nios2eds/bin/gnu/h-x86_64-mingw32/bin/../lib/gcc/nios2-elf/5.3.0/../../../../../H-x86_64-mingw32/nios2-elf/lib\libc.a(lib_a-int_errno.o)
 .comment       0x0000000000000046       0x24 d:/intelfpga/18.1/nios2eds/bin/gnu/h-x86_64-mingw32/bin/../lib/gcc/nios2-elf/5.3.0/../../../../../H-x86_64-mingw32/nios2-elf/lib\libc.a(lib_a-memcmp.o)
 .comment       0x0000000000000046       0x24 d:/intelfpga/18.1/nios2eds/bin/gnu/h-x86_64-mingw32/bin/../lib/gcc/nios2-elf/5.3.0/../../../../../H-x86_64-mingw32/nios2-elf/lib\libc.a(lib_a-memcpy.o)
 .comment       0x0000000000000046       0x24 d:/intelfpga/18.1/nios2eds/bin/gnu/h-x86_64-mingw32/bin/../lib/gcc/nios2-elf/5.3.0/../../../../../H-x86_64-mingw32/nios2-elf/lib\libc.a(lib_a-strlen.o)
 .comment       0x0000000000000046       0x24 d:/intelfpga/18.1/nios2eds/bin/gnu/h-x86_64-mingw32/bin/../lib/gcc/nios2-elf/5.3.0/../../../../../H-x86_64-mingw32/nios2-elf/lib\libc.a(lib_a-__atexit.o)
 .comment       0x0000000000000046       0x24 d:/intelfpga/18.1/nios2eds/bin/gnu/h-x86_64-mingw32/bin/../lib/gcc/nios2-elf/5.3.0/../../../../../H-x86_64-mingw32/nios2-elf/lib\libc.a(lib_a-__call_atexit.o)
 .comment       0x0000000000000046       0x24 ../led_bsp/\libhal_bsp.a(alt_exit.o)

.debug
 *(.debug)

.line
 *(.line)

.debug_srcinfo
 *(.debug_srcinfo)

.debug_sfnames
 *(.debug_sfnames)

.debug_aranges  0x0000000000000000      0x638
 *(.debug_aranges)
 .debug_aranges
                0x0000000000000000       0x28 ../led_bsp//obj/HAL/src/crt0.o
 .debug_aranges
                0x0000000000000028       0x20 obj/default/hello_world.o
 .debug_aranges
                0x0000000000000048       0x20 d:/intelfpga/18.1/nios2eds/bin/gnu/h-x86_64-mingw32/bin/../lib/gcc/nios2-elf/5.3.0\libgcc.a(lib2-divmod.o)
 .debug_aranges
                0x0000000000000068       0x20 ../led_bsp/\libhal_bsp.a(alt_iic.o)
 .debug_aranges
                0x0000000000000088       0x20 ../led_bsp/\libhal_bsp.a(alt_iic_isr_register.o)
 .debug_aranges
                0x00000000000000a8       0x30 ../led_bsp/\libhal_bsp.a(alt_irq_entry.o)
 .debug_aranges
                0x00000000000000d8       0x20 ../led_bsp/\libhal_bsp.a(alt_irq_handler.o)
 .debug_aranges
                0x00000000000000f8       0x18 ../led_bsp/\libhal_bsp.a(alt_irq_vars.o)
 .debug_aranges
                0x0000000000000110       0x20 ../led_bsp/\libhal_bsp.a(alt_load.o)
 .debug_aranges
                0x0000000000000130       0x20 ../led_bsp/\libhal_bsp.a(alt_main.o)
 .debug_aranges
                0x0000000000000150       0x20 ../led_bsp/\libhal_bsp.a(alt_usleep.o)
 .debug_aranges
                0x0000000000000170       0x20 ../led_bsp/\libhal_bsp.a(alt_sys_init.o)
 .debug_aranges
                0x0000000000000190       0x20 ../led_bsp/\libhal_bsp.a(altera_avalon_jtag_uart_fd.o)
 .debug_aranges
                0x00000000000001b0       0x20 ../led_bsp/\libhal_bsp.a(altera_avalon_jtag_uart_init.o)
 .debug_aranges
                0x00000000000001d0       0x20 ../led_bsp/\libhal_bsp.a(altera_avalon_jtag_uart_ioctl.o)
 .debug_aranges
                0x00000000000001f0       0x20 ../led_bsp/\libhal_bsp.a(altera_avalon_jtag_uart_read.o)
 .debug_aranges
                0x0000000000000210       0x20 ../led_bsp/\libhal_bsp.a(altera_avalon_jtag_uart_write.o)
 .debug_aranges
                0x0000000000000230       0x20 ../led_bsp/\libhal_bsp.a(altera_avalon_timer_sc.o)
 .debug_aranges
                0x0000000000000250       0x20 ../led_bsp/\libhal_bsp.a(alt_alarm_start.o)
 .debug_aranges
                0x0000000000000270       0x20 ../led_bsp/\libhal_bsp.a(alt_busy_sleep.o)
 .debug_aranges
                0x0000000000000290       0x20 ../led_bsp/\libhal_bsp.a(alt_close.o)
 .debug_aranges
                0x00000000000002b0       0x20 ../led_bsp/\libhal_bsp.a(alt_dcache_flush_all.o)
 .debug_aranges
                0x00000000000002d0       0x20 ../led_bsp/\libhal_bsp.a(alt_dev.o)
 .debug_aranges
                0x00000000000002f0       0x20 ../led_bsp/\libhal_bsp.a(alt_dev_llist_insert.o)
 .debug_aranges
                0x0000000000000310       0x20 ../led_bsp/\libhal_bsp.a(alt_do_ctors.o)
 .debug_aranges
                0x0000000000000330       0x20 ../led_bsp/\libhal_bsp.a(alt_do_dtors.o)
 .debug_aranges
                0x0000000000000350       0x18 ../led_bsp/\libhal_bsp.a(alt_errno.o)
 .debug_aranges
                0x0000000000000368       0x38 ../led_bsp/\libhal_bsp.a(alt_exception_entry.o)
 .debug_aranges
                0x00000000000003a0       0x20 ../led_bsp/\libhal_bsp.a(alt_icache_flush_all.o)
 .debug_aranges
                0x00000000000003c0       0x28 ../led_bsp/\libhal_bsp.a(alt_instruction_exception_entry.o)
 .debug_aranges
                0x00000000000003e8       0x20 ../led_bsp/\libhal_bsp.a(alt_io_redirect.o)
 .debug_aranges
                0x0000000000000408       0x20 ../led_bsp/\libhal_bsp.a(alt_open.o)
 .debug_aranges
                0x0000000000000428       0x20 ../led_bsp/\libhal_bsp.a(alt_release_fd.o)
 .debug_aranges
                0x0000000000000448       0x20 ../led_bsp/\libhal_bsp.a(alt_tick.o)
 .debug_aranges
                0x0000000000000468       0x20 ../led_bsp/\libhal_bsp.a(altera_nios2_gen2_irq.o)
 .debug_aranges
                0x0000000000000488       0x20 ../led_bsp/\libhal_bsp.a(alt_find_dev.o)
 .debug_aranges
                0x00000000000004a8       0x20 ../led_bsp/\libhal_bsp.a(alt_find_file.o)
 .debug_aranges
                0x00000000000004c8       0x20 ../led_bsp/\libhal_bsp.a(alt_get_fd.o)
 .debug_aranges
                0x00000000000004e8       0x20 ../led_bsp/\libhal_bsp.a(alt_icache_flush.o)
 .debug_aranges
                0x0000000000000508       0x20 d:/intelfpga/18.1/nios2eds/bin/gnu/h-x86_64-mingw32/bin/../lib/gcc/nios2-elf/5.3.0/../../../../../H-x86_64-mingw32/nios2-elf/lib\libc.a(lib_a-atexit.o)
 .debug_aranges
                0x0000000000000528       0x20 d:/intelfpga/18.1/nios2eds/bin/gnu/h-x86_64-mingw32/bin/../lib/gcc/nios2-elf/5.3.0/../../../../../H-x86_64-mingw32/nios2-elf/lib\libc.a(lib_a-exit.o)
 .debug_aranges
                0x0000000000000548       0x18 d:/intelfpga/18.1/nios2eds/bin/gnu/h-x86_64-mingw32/bin/../lib/gcc/nios2-elf/5.3.0/../../../../../H-x86_64-mingw32/nios2-elf/lib\libc.a(lib_a-impure.o)
 .debug_aranges
                0x0000000000000560       0x18 d:/intelfpga/18.1/nios2eds/bin/gnu/h-x86_64-mingw32/bin/../lib/gcc/nios2-elf/5.3.0/../../../../../H-x86_64-mingw32/nios2-elf/lib\libc.a(lib_a-int_errno.o)
 .debug_aranges
                0x0000000000000578       0x20 d:/intelfpga/18.1/nios2eds/bin/gnu/h-x86_64-mingw32/bin/../lib/gcc/nios2-elf/5.3.0/../../../../../H-x86_64-mingw32/nios2-elf/lib\libc.a(lib_a-memcmp.o)
 .debug_aranges
                0x0000000000000598       0x20 d:/intelfpga/18.1/nios2eds/bin/gnu/h-x86_64-mingw32/bin/../lib/gcc/nios2-elf/5.3.0/../../../../../H-x86_64-mingw32/nios2-elf/lib\libc.a(lib_a-memcpy.o)
 .debug_aranges
                0x00000000000005b8       0x20 d:/intelfpga/18.1/nios2eds/bin/gnu/h-x86_64-mingw32/bin/../lib/gcc/nios2-elf/5.3.0/../../../../../H-x86_64-mingw32/nios2-elf/lib\libc.a(lib_a-strlen.o)
 .debug_aranges
                0x00000000000005d8       0x20 d:/intelfpga/18.1/nios2eds/bin/gnu/h-x86_64-mingw32/bin/../lib/gcc/nios2-elf/5.3.0/../../../../../H-x86_64-mingw32/nios2-elf/lib\libc.a(lib_a-__atexit.o)
 .debug_aranges
                0x00000000000005f8       0x20 d:/intelfpga/18.1/nios2eds/bin/gnu/h-x86_64-mingw32/bin/../lib/gcc/nios2-elf/5.3.0/../../../../../H-x86_64-mingw32/nios2-elf/lib\libc.a(lib_a-__call_atexit.o)
 .debug_aranges
                0x0000000000000618       0x20 ../led_bsp/\libhal_bsp.a(alt_exit.o)

.debug_pubnames
 *(.debug_pubnames)

.debug_info     0x0000000000000000     0x7c8b
 *(.debug_info .gnu.linkonce.wi.*)
 .debug_info    0x0000000000000000       0x6e ../led_bsp//obj/HAL/src/crt0.o
 .debug_info    0x000000000000006e      0x182 obj/default/hello_world.o
 .debug_info    0x00000000000001f0      0x2c6 d:/intelfpga/18.1/nios2eds/bin/gnu/h-x86_64-mingw32/bin/../lib/gcc/nios2-elf/5.3.0\libgcc.a(lib2-divmod.o)
 .debug_info    0x00000000000004b6      0x350 ../led_bsp/\libhal_bsp.a(alt_iic.o)
 .debug_info    0x0000000000000806      0x1ef ../led_bsp/\libhal_bsp.a(alt_iic_isr_register.o)
 .debug_info    0x00000000000009f5       0x77 ../led_bsp/\libhal_bsp.a(alt_irq_entry.o)
 .debug_info    0x0000000000000a6c      0x187 ../led_bsp/\libhal_bsp.a(alt_irq_handler.o)
 .debug_info    0x0000000000000bf3       0x88 ../led_bsp/\libhal_bsp.a(alt_irq_vars.o)
 .debug_info    0x0000000000000c7b      0x145 ../led_bsp/\libhal_bsp.a(alt_load.o)
 .debug_info    0x0000000000000dc0      0x131 ../led_bsp/\libhal_bsp.a(alt_main.o)
 .debug_info    0x0000000000000ef1       0xb0 ../led_bsp/\libhal_bsp.a(alt_usleep.o)
 .debug_info    0x0000000000000fa1      0x4d9 ../led_bsp/\libhal_bsp.a(alt_sys_init.o)
 .debug_info    0x000000000000147a      0x52e ../led_bsp/\libhal_bsp.a(altera_avalon_jtag_uart_fd.o)
 .debug_info    0x00000000000019a8      0x3a0 ../led_bsp/\libhal_bsp.a(altera_avalon_jtag_uart_init.o)
 .debug_info    0x0000000000001d48      0x280 ../led_bsp/\libhal_bsp.a(altera_avalon_jtag_uart_ioctl.o)
 .debug_info    0x0000000000001fc8      0x345 ../led_bsp/\libhal_bsp.a(altera_avalon_jtag_uart_read.o)
 .debug_info    0x000000000000230d      0x340 ../led_bsp/\libhal_bsp.a(altera_avalon_jtag_uart_write.o)
 .debug_info    0x000000000000264d      0x226 ../led_bsp/\libhal_bsp.a(altera_avalon_timer_sc.o)
 .debug_info    0x0000000000002873      0x2cc ../led_bsp/\libhal_bsp.a(alt_alarm_start.o)
 .debug_info    0x0000000000002b3f       0xd7 ../led_bsp/\libhal_bsp.a(alt_busy_sleep.o)
 .debug_info    0x0000000000002c16      0x321 ../led_bsp/\libhal_bsp.a(alt_close.o)
 .debug_info    0x0000000000002f37       0xa5 ../led_bsp/\libhal_bsp.a(alt_dcache_flush_all.o)
 .debug_info    0x0000000000002fdc      0x49c ../led_bsp/\libhal_bsp.a(alt_dev.o)
 .debug_info    0x0000000000003478      0x1a9 ../led_bsp/\libhal_bsp.a(alt_dev_llist_insert.o)
 .debug_info    0x0000000000003621       0x83 ../led_bsp/\libhal_bsp.a(alt_do_ctors.o)
 .debug_info    0x00000000000036a4       0x83 ../led_bsp/\libhal_bsp.a(alt_do_dtors.o)
 .debug_info    0x0000000000003727       0xa6 ../led_bsp/\libhal_bsp.a(alt_errno.o)
 .debug_info    0x00000000000037cd       0x7d ../led_bsp/\libhal_bsp.a(alt_exception_entry.o)
 .debug_info    0x000000000000384a       0x92 ../led_bsp/\libhal_bsp.a(alt_icache_flush_all.o)
 .debug_info    0x00000000000038dc      0x1e7 ../led_bsp/\libhal_bsp.a(alt_instruction_exception_entry.o)
 .debug_info    0x0000000000003ac3      0x4a5 ../led_bsp/\libhal_bsp.a(alt_io_redirect.o)
 .debug_info    0x0000000000003f68      0x3bb ../led_bsp/\libhal_bsp.a(alt_open.o)
 .debug_info    0x0000000000004323      0x2b0 ../led_bsp/\libhal_bsp.a(alt_release_fd.o)
 .debug_info    0x00000000000045d3      0x299 ../led_bsp/\libhal_bsp.a(alt_tick.o)
 .debug_info    0x000000000000486c       0x92 ../led_bsp/\libhal_bsp.a(altera_nios2_gen2_irq.o)
 .debug_info    0x00000000000048fe      0x2e9 ../led_bsp/\libhal_bsp.a(alt_find_dev.o)
 .debug_info    0x0000000000004be7      0x2e6 ../led_bsp/\libhal_bsp.a(alt_find_file.o)
 .debug_info    0x0000000000004ecd      0x310 ../led_bsp/\libhal_bsp.a(alt_get_fd.o)
 .debug_info    0x00000000000051dd       0xdc ../led_bsp/\libhal_bsp.a(alt_icache_flush.o)
 .debug_info    0x00000000000052b9       0xfe d:/intelfpga/18.1/nios2eds/bin/gnu/h-x86_64-mingw32/bin/../lib/gcc/nios2-elf/5.3.0/../../../../../H-x86_64-mingw32/nios2-elf/lib\libc.a(lib_a-atexit.o)
 .debug_info    0x00000000000053b7      0x8e4 d:/intelfpga/18.1/nios2eds/bin/gnu/h-x86_64-mingw32/bin/../lib/gcc/nios2-elf/5.3.0/../../../../../H-x86_64-mingw32/nios2-elf/lib\libc.a(lib_a-exit.o)
 .debug_info    0x0000000000005c9b      0x8a1 d:/intelfpga/18.1/nios2eds/bin/gnu/h-x86_64-mingw32/bin/../lib/gcc/nios2-elf/5.3.0/../../../../../H-x86_64-mingw32/nios2-elf/lib\libc.a(lib_a-impure.o)
 .debug_info    0x000000000000653c       0x8a d:/intelfpga/18.1/nios2eds/bin/gnu/h-x86_64-mingw32/bin/../lib/gcc/nios2-elf/5.3.0/../../../../../H-x86_64-mingw32/nios2-elf/lib\libc.a(lib_a-int_errno.o)
 .debug_info    0x00000000000065c6      0x11a d:/intelfpga/18.1/nios2eds/bin/gnu/h-x86_64-mingw32/bin/../lib/gcc/nios2-elf/5.3.0/../../../../../H-x86_64-mingw32/nios2-elf/lib\libc.a(lib_a-memcmp.o)
 .debug_info    0x00000000000066e0      0x144 d:/intelfpga/18.1/nios2eds/bin/gnu/h-x86_64-mingw32/bin/../lib/gcc/nios2-elf/5.3.0/../../../../../H-x86_64-mingw32/nios2-elf/lib\libc.a(lib_a-memcpy.o)
 .debug_info    0x0000000000006824       0xe2 d:/intelfpga/18.1/nios2eds/bin/gnu/h-x86_64-mingw32/bin/../lib/gcc/nios2-elf/5.3.0/../../../../../H-x86_64-mingw32/nios2-elf/lib\libc.a(lib_a-strlen.o)
 .debug_info    0x0000000000006906      0x934 d:/intelfpga/18.1/nios2eds/bin/gnu/h-x86_64-mingw32/bin/../lib/gcc/nios2-elf/5.3.0/../../../../../H-x86_64-mingw32/nios2-elf/lib\libc.a(lib_a-__atexit.o)
 .debug_info    0x000000000000723a      0x965 d:/intelfpga/18.1/nios2eds/bin/gnu/h-x86_64-mingw32/bin/../lib/gcc/nios2-elf/5.3.0/../../../../../H-x86_64-mingw32/nios2-elf/lib\libc.a(lib_a-__call_atexit.o)
 .debug_info    0x0000000000007b9f       0xec ../led_bsp/\libhal_bsp.a(alt_exit.o)

.debug_abbrev   0x0000000000000000     0x2d33
 *(.debug_abbrev)
 .debug_abbrev  0x0000000000000000       0x12 ../led_bsp//obj/HAL/src/crt0.o
 .debug_abbrev  0x0000000000000012      0x109 obj/default/hello_world.o
 .debug_abbrev  0x000000000000011b      0x10e d:/intelfpga/18.1/nios2eds/bin/gnu/h-x86_64-mingw32/bin/../lib/gcc/nios2-elf/5.3.0\libgcc.a(lib2-divmod.o)
 .debug_abbrev  0x0000000000000229      0x163 ../led_bsp/\libhal_bsp.a(alt_iic.o)
 .debug_abbrev  0x000000000000038c      0x169 ../led_bsp/\libhal_bsp.a(alt_iic_isr_register.o)
 .debug_abbrev  0x00000000000004f5       0x12 ../led_bsp/\libhal_bsp.a(alt_irq_entry.o)
 .debug_abbrev  0x0000000000000507      0x122 ../led_bsp/\libhal_bsp.a(alt_irq_handler.o)
 .debug_abbrev  0x0000000000000629       0x40 ../led_bsp/\libhal_bsp.a(alt_irq_vars.o)
 .debug_abbrev  0x0000000000000669       0x9f ../led_bsp/\libhal_bsp.a(alt_load.o)
 .debug_abbrev  0x0000000000000708       0xba ../led_bsp/\libhal_bsp.a(alt_main.o)
 .debug_abbrev  0x00000000000007c2       0x60 ../led_bsp/\libhal_bsp.a(alt_usleep.o)
 .debug_abbrev  0x0000000000000822      0x187 ../led_bsp/\libhal_bsp.a(alt_sys_init.o)
 .debug_abbrev  0x00000000000009a9      0x127 ../led_bsp/\libhal_bsp.a(altera_avalon_jtag_uart_fd.o)
 .debug_abbrev  0x0000000000000ad0      0x19e ../led_bsp/\libhal_bsp.a(altera_avalon_jtag_uart_init.o)
 .debug_abbrev  0x0000000000000c6e      0x111 ../led_bsp/\libhal_bsp.a(altera_avalon_jtag_uart_ioctl.o)
 .debug_abbrev  0x0000000000000d7f      0x1aa ../led_bsp/\libhal_bsp.a(altera_avalon_jtag_uart_read.o)
 .debug_abbrev  0x0000000000000f29      0x1a8 ../led_bsp/\libhal_bsp.a(altera_avalon_jtag_uart_write.o)
 .debug_abbrev  0x00000000000010d1      0x155 ../led_bsp/\libhal_bsp.a(altera_avalon_timer_sc.o)
 .debug_abbrev  0x0000000000001226      0x162 ../led_bsp/\libhal_bsp.a(alt_alarm_start.o)
 .debug_abbrev  0x0000000000001388       0x7e ../led_bsp/\libhal_bsp.a(alt_busy_sleep.o)
 .debug_abbrev  0x0000000000001406      0x11f ../led_bsp/\libhal_bsp.a(alt_close.o)
 .debug_abbrev  0x0000000000001525       0x5a ../led_bsp/\libhal_bsp.a(alt_dcache_flush_all.o)
 .debug_abbrev  0x000000000000157f       0xd9 ../led_bsp/\libhal_bsp.a(alt_dev.o)
 .debug_abbrev  0x0000000000001658      0x114 ../led_bsp/\libhal_bsp.a(alt_dev_llist_insert.o)
 .debug_abbrev  0x000000000000176c       0x79 ../led_bsp/\libhal_bsp.a(alt_do_ctors.o)
 .debug_abbrev  0x00000000000017e5       0x79 ../led_bsp/\libhal_bsp.a(alt_do_dtors.o)
 .debug_abbrev  0x000000000000185e       0x5a ../led_bsp/\libhal_bsp.a(alt_errno.o)
 .debug_abbrev  0x00000000000018b8       0x12 ../led_bsp/\libhal_bsp.a(alt_exception_entry.o)
 .debug_abbrev  0x00000000000018ca       0x42 ../led_bsp/\libhal_bsp.a(alt_icache_flush_all.o)
 .debug_abbrev  0x000000000000190c       0xdc ../led_bsp/\libhal_bsp.a(alt_instruction_exception_entry.o)
 .debug_abbrev  0x00000000000019e8      0x114 ../led_bsp/\libhal_bsp.a(alt_io_redirect.o)
 .debug_abbrev  0x0000000000001afc      0x148 ../led_bsp/\libhal_bsp.a(alt_open.o)
 .debug_abbrev  0x0000000000001c44       0xde ../led_bsp/\libhal_bsp.a(alt_release_fd.o)
 .debug_abbrev  0x0000000000001d22      0x15a ../led_bsp/\libhal_bsp.a(alt_tick.o)
 .debug_abbrev  0x0000000000001e7c       0x42 ../led_bsp/\libhal_bsp.a(altera_nios2_gen2_irq.o)
 .debug_abbrev  0x0000000000001ebe       0xf0 ../led_bsp/\libhal_bsp.a(alt_find_dev.o)
 .debug_abbrev  0x0000000000001fae       0xf0 ../led_bsp/\libhal_bsp.a(alt_find_file.o)
 .debug_abbrev  0x000000000000209e      0x10d ../led_bsp/\libhal_bsp.a(alt_get_fd.o)
 .debug_abbrev  0x00000000000021ab       0x8c ../led_bsp/\libhal_bsp.a(alt_icache_flush.o)
 .debug_abbrev  0x0000000000002237       0xaa d:/intelfpga/18.1/nios2eds/bin/gnu/h-x86_64-mingw32/bin/../lib/gcc/nios2-elf/5.3.0/../../../../../H-x86_64-mingw32/nios2-elf/lib\libc.a(lib_a-atexit.o)
 .debug_abbrev  0x00000000000022e1      0x1e5 d:/intelfpga/18.1/nios2eds/bin/gnu/h-x86_64-mingw32/bin/../lib/gcc/nios2-elf/5.3.0/../../../../../H-x86_64-mingw32/nios2-elf/lib\libc.a(lib_a-exit.o)
 .debug_abbrev  0x00000000000024c6      0x18f d:/intelfpga/18.1/nios2eds/bin/gnu/h-x86_64-mingw32/bin/../lib/gcc/nios2-elf/5.3.0/../../../../../H-x86_64-mingw32/nios2-elf/lib\libc.a(lib_a-impure.o)
 .debug_abbrev  0x0000000000002655       0x37 d:/intelfpga/18.1/nios2eds/bin/gnu/h-x86_64-mingw32/bin/../lib/gcc/nios2-elf/5.3.0/../../../../../H-x86_64-mingw32/nios2-elf/lib\libc.a(lib_a-int_errno.o)
 .debug_abbrev  0x000000000000268c       0x7f d:/intelfpga/18.1/nios2eds/bin/gnu/h-x86_64-mingw32/bin/../lib/gcc/nios2-elf/5.3.0/../../../../../H-x86_64-mingw32/nios2-elf/lib\libc.a(lib_a-memcmp.o)
 .debug_abbrev  0x000000000000270b       0xa3 d:/intelfpga/18.1/nios2eds/bin/gnu/h-x86_64-mingw32/bin/../lib/gcc/nios2-elf/5.3.0/../../../../../H-x86_64-mingw32/nios2-elf/lib\libc.a(lib_a-memcpy.o)
 .debug_abbrev  0x00000000000027ae       0x90 d:/intelfpga/18.1/nios2eds/bin/gnu/h-x86_64-mingw32/bin/../lib/gcc/nios2-elf/5.3.0/../../../../../H-x86_64-mingw32/nios2-elf/lib\libc.a(lib_a-strlen.o)
 .debug_abbrev  0x000000000000283e      0x21e d:/intelfpga/18.1/nios2eds/bin/gnu/h-x86_64-mingw32/bin/../lib/gcc/nios2-elf/5.3.0/../../../../../H-x86_64-mingw32/nios2-elf/lib\libc.a(lib_a-__atexit.o)
 .debug_abbrev  0x0000000000002a5c      0x22e d:/intelfpga/18.1/nios2eds/bin/gnu/h-x86_64-mingw32/bin/../lib/gcc/nios2-elf/5.3.0/../../../../../H-x86_64-mingw32/nios2-elf/lib\libc.a(lib_a-__call_atexit.o)
 .debug_abbrev  0x0000000000002c8a       0xa9 ../led_bsp/\libhal_bsp.a(alt_exit.o)

.debug_line     0x0000000000000000     0x2ce4
 *(.debug_line)
 .debug_line    0x0000000000000000       0x72 ../led_bsp//obj/HAL/src/crt0.o
 .debug_line    0x0000000000000072       0x83 obj/default/hello_world.o
 .debug_line    0x00000000000000f5      0x102 d:/intelfpga/18.1/nios2eds/bin/gnu/h-x86_64-mingw32/bin/../lib/gcc/nios2-elf/5.3.0\libgcc.a(lib2-divmod.o)
 .debug_line    0x00000000000001f7       0xeb ../led_bsp/\libhal_bsp.a(alt_iic.o)
 .debug_line    0x00000000000002e2       0xdb ../led_bsp/\libhal_bsp.a(alt_iic_isr_register.o)
 .debug_line    0x00000000000003bd       0x6b ../led_bsp/\libhal_bsp.a(alt_irq_entry.o)
 .debug_line    0x0000000000000428       0xaa ../led_bsp/\libhal_bsp.a(alt_irq_handler.o)
 .debug_line    0x00000000000004d2       0x50 ../led_bsp/\libhal_bsp.a(alt_irq_vars.o)
 .debug_line    0x0000000000000522       0x8e ../led_bsp/\libhal_bsp.a(alt_load.o)
 .debug_line    0x00000000000005b0       0xa4 ../led_bsp/\libhal_bsp.a(alt_main.o)
 .debug_line    0x0000000000000654       0xa8 ../led_bsp/\libhal_bsp.a(alt_usleep.o)
 .debug_line    0x00000000000006fc      0x152 ../led_bsp/\libhal_bsp.a(alt_sys_init.o)
 .debug_line    0x000000000000084e      0x12f ../led_bsp/\libhal_bsp.a(altera_avalon_jtag_uart_fd.o)
 .debug_line    0x000000000000097d      0x18b ../led_bsp/\libhal_bsp.a(altera_avalon_jtag_uart_init.o)
 .debug_line    0x0000000000000b08      0x131 ../led_bsp/\libhal_bsp.a(altera_avalon_jtag_uart_ioctl.o)
 .debug_line    0x0000000000000c39      0x171 ../led_bsp/\libhal_bsp.a(altera_avalon_jtag_uart_read.o)
 .debug_line    0x0000000000000daa      0x170 ../led_bsp/\libhal_bsp.a(altera_avalon_jtag_uart_write.o)
 .debug_line    0x0000000000000f1a       0xfd ../led_bsp/\libhal_bsp.a(altera_avalon_timer_sc.o)
 .debug_line    0x0000000000001017       0xf9 ../led_bsp/\libhal_bsp.a(alt_alarm_start.o)
 .debug_line    0x0000000000001110       0xa0 ../led_bsp/\libhal_bsp.a(alt_busy_sleep.o)
 .debug_line    0x00000000000011b0      0x160 ../led_bsp/\libhal_bsp.a(alt_close.o)
 .debug_line    0x0000000000001310       0x61 ../led_bsp/\libhal_bsp.a(alt_dcache_flush_all.o)
 .debug_line    0x0000000000001371       0xf3 ../led_bsp/\libhal_bsp.a(alt_dev.o)
 .debug_line    0x0000000000001464       0xcf ../led_bsp/\libhal_bsp.a(alt_dev_llist_insert.o)
 .debug_line    0x0000000000001533       0x59 ../led_bsp/\libhal_bsp.a(alt_do_ctors.o)
 .debug_line    0x000000000000158c       0x59 ../led_bsp/\libhal_bsp.a(alt_do_dtors.o)
 .debug_line    0x00000000000015e5       0x51 ../led_bsp/\libhal_bsp.a(alt_errno.o)
 .debug_line    0x0000000000001636       0xb3 ../led_bsp/\libhal_bsp.a(alt_exception_entry.o)
 .debug_line    0x00000000000016e9       0x50 ../led_bsp/\libhal_bsp.a(alt_icache_flush_all.o)
 .debug_line    0x0000000000001739       0xba ../led_bsp/\libhal_bsp.a(alt_instruction_exception_entry.o)
 .debug_line    0x00000000000017f3      0x12e ../led_bsp/\libhal_bsp.a(alt_io_redirect.o)
 .debug_line    0x0000000000001921      0x128 ../led_bsp/\libhal_bsp.a(alt_open.o)
 .debug_line    0x0000000000001a49       0xae ../led_bsp/\libhal_bsp.a(alt_release_fd.o)
 .debug_line    0x0000000000001af7       0xff ../led_bsp/\libhal_bsp.a(alt_tick.o)
 .debug_line    0x0000000000001bf6       0x51 ../led_bsp/\libhal_bsp.a(altera_nios2_gen2_irq.o)
 .debug_line    0x0000000000001c47       0xb5 ../led_bsp/\libhal_bsp.a(alt_find_dev.o)
 .debug_line    0x0000000000001cfc       0xd1 ../led_bsp/\libhal_bsp.a(alt_find_file.o)
 .debug_line    0x0000000000001dcd       0xd4 ../led_bsp/\libhal_bsp.a(alt_get_fd.o)
 .debug_line    0x0000000000001ea1       0x81 ../led_bsp/\libhal_bsp.a(alt_icache_flush.o)
 .debug_line    0x0000000000001f22       0xe4 d:/intelfpga/18.1/nios2eds/bin/gnu/h-x86_64-mingw32/bin/../lib/gcc/nios2-elf/5.3.0/../../../../../H-x86_64-mingw32/nios2-elf/lib\libc.a(lib_a-atexit.o)
 .debug_line    0x0000000000002006      0x1f9 d:/intelfpga/18.1/nios2eds/bin/gnu/h-x86_64-mingw32/bin/../lib/gcc/nios2-elf/5.3.0/../../../../../H-x86_64-mingw32/nios2-elf/lib\libc.a(lib_a-exit.o)
 .debug_line    0x00000000000021ff      0x15d d:/intelfpga/18.1/nios2eds/bin/gnu/h-x86_64-mingw32/bin/../lib/gcc/nios2-elf/5.3.0/../../../../../H-x86_64-mingw32/nios2-elf/lib\libc.a(lib_a-impure.o)
 .debug_line    0x000000000000235c       0x5c d:/intelfpga/18.1/nios2eds/bin/gnu/h-x86_64-mingw32/bin/../lib/gcc/nios2-elf/5.3.0/../../../../../H-x86_64-mingw32/nios2-elf/lib\libc.a(lib_a-int_errno.o)
 .debug_line    0x00000000000023b8      0x173 d:/intelfpga/18.1/nios2eds/bin/gnu/h-x86_64-mingw32/bin/../lib/gcc/nios2-elf/5.3.0/../../../../../H-x86_64-mingw32/nios2-elf/lib\libc.a(lib_a-memcmp.o)
 .debug_line    0x000000000000252b      0x189 d:/intelfpga/18.1/nios2eds/bin/gnu/h-x86_64-mingw32/bin/../lib/gcc/nios2-elf/5.3.0/../../../../../H-x86_64-mingw32/nios2-elf/lib\libc.a(lib_a-memcpy.o)
 .debug_line    0x00000000000026b4      0x16c d:/intelfpga/18.1/nios2eds/bin/gnu/h-x86_64-mingw32/bin/../lib/gcc/nios2-elf/5.3.0/../../../../../H-x86_64-mingw32/nios2-elf/lib\libc.a(lib_a-strlen.o)
 .debug_line    0x0000000000002820      0x21c d:/intelfpga/18.1/nios2eds/bin/gnu/h-x86_64-mingw32/bin/../lib/gcc/nios2-elf/5.3.0/../../../../../H-x86_64-mingw32/nios2-elf/lib\libc.a(lib_a-__atexit.o)
 .debug_line    0x0000000000002a3c      0x237 d:/intelfpga/18.1/nios2eds/bin/gnu/h-x86_64-mingw32/bin/../lib/gcc/nios2-elf/5.3.0/../../../../../H-x86_64-mingw32/nios2-elf/lib\libc.a(lib_a-__call_atexit.o)
 .debug_line    0x0000000000002c73       0x71 ../led_bsp/\libhal_bsp.a(alt_exit.o)

.debug_frame    0x0000000000000000      0xc0c
 *(.debug_frame)
 .debug_frame   0x0000000000000000       0x78 obj/default/hello_world.o
 .debug_frame   0x0000000000000078       0x50 d:/intelfpga/18.1/nios2eds/bin/gnu/h-x86_64-mingw32/bin/../lib/gcc/nios2-elf/5.3.0\libgcc.a(lib2-divmod.o)
 .debug_frame   0x00000000000000c8       0xa4 ../led_bsp/\libhal_bsp.a(alt_iic.o)
 .debug_frame   0x000000000000016c       0x38 ../led_bsp/\libhal_bsp.a(alt_iic_isr_register.o)
 .debug_frame   0x00000000000001a4       0x38 ../led_bsp/\libhal_bsp.a(alt_irq_handler.o)
 .debug_frame   0x00000000000001dc       0x5c ../led_bsp/\libhal_bsp.a(alt_load.o)
 .debug_frame   0x0000000000000238       0x2c ../led_bsp/\libhal_bsp.a(alt_main.o)
 .debug_frame   0x0000000000000264       0x38 ../led_bsp/\libhal_bsp.a(alt_usleep.o)
 .debug_frame   0x000000000000029c       0x88 ../led_bsp/\libhal_bsp.a(alt_sys_init.o)
 .debug_frame   0x0000000000000324       0xb0 ../led_bsp/\libhal_bsp.a(altera_avalon_jtag_uart_fd.o)
 .debug_frame   0x00000000000003d4       0xa4 ../led_bsp/\libhal_bsp.a(altera_avalon_jtag_uart_init.o)
 .debug_frame   0x0000000000000478       0x34 ../led_bsp/\libhal_bsp.a(altera_avalon_jtag_uart_ioctl.o)
 .debug_frame   0x00000000000004ac       0x38 ../led_bsp/\libhal_bsp.a(altera_avalon_jtag_uart_read.o)
 .debug_frame   0x00000000000004e4       0x38 ../led_bsp/\libhal_bsp.a(altera_avalon_jtag_uart_write.o)
 .debug_frame   0x000000000000051c       0x60 ../led_bsp/\libhal_bsp.a(altera_avalon_timer_sc.o)
 .debug_frame   0x000000000000057c       0x34 ../led_bsp/\libhal_bsp.a(alt_alarm_start.o)
 .debug_frame   0x00000000000005b0       0x38 ../led_bsp/\libhal_bsp.a(alt_busy_sleep.o)
 .debug_frame   0x00000000000005e8       0x60 ../led_bsp/\libhal_bsp.a(alt_close.o)
 .debug_frame   0x0000000000000648       0x34 ../led_bsp/\libhal_bsp.a(alt_dcache_flush_all.o)
 .debug_frame   0x000000000000067c       0x34 ../led_bsp/\libhal_bsp.a(alt_dev.o)
 .debug_frame   0x00000000000006b0       0x60 ../led_bsp/\libhal_bsp.a(alt_dev_llist_insert.o)
 .debug_frame   0x0000000000000710       0x38 ../led_bsp/\libhal_bsp.a(alt_do_ctors.o)
 .debug_frame   0x0000000000000748       0x38 ../led_bsp/\libhal_bsp.a(alt_do_dtors.o)
 .debug_frame   0x0000000000000780       0x38 ../led_bsp/\libhal_bsp.a(alt_icache_flush_all.o)
 .debug_frame   0x00000000000007b8       0x5c ../led_bsp/\libhal_bsp.a(alt_instruction_exception_entry.o)
 .debug_frame   0x0000000000000814       0x60 ../led_bsp/\libhal_bsp.a(alt_io_redirect.o)
 .debug_frame   0x0000000000000874       0x84 ../led_bsp/\libhal_bsp.a(alt_open.o)
 .debug_frame   0x00000000000008f8       0x34 ../led_bsp/\libhal_bsp.a(alt_release_fd.o)
 .debug_frame   0x000000000000092c       0x5c ../led_bsp/\libhal_bsp.a(alt_tick.o)
 .debug_frame   0x0000000000000988       0x34 ../led_bsp/\libhal_bsp.a(altera_nios2_gen2_irq.o)
 .debug_frame   0x00000000000009bc       0x38 ../led_bsp/\libhal_bsp.a(alt_find_dev.o)
 .debug_frame   0x00000000000009f4       0x38 ../led_bsp/\libhal_bsp.a(alt_find_file.o)
 .debug_frame   0x0000000000000a2c       0x34 ../led_bsp/\libhal_bsp.a(alt_get_fd.o)
 .debug_frame   0x0000000000000a60       0x34 ../led_bsp/\libhal_bsp.a(alt_icache_flush.o)
 .debug_frame   0x0000000000000a94       0x20 d:/intelfpga/18.1/nios2eds/bin/gnu/h-x86_64-mingw32/bin/../lib/gcc/nios2-elf/5.3.0/../../../../../H-x86_64-mingw32/nios2-elf/lib\libc.a(lib_a-atexit.o)
 .debug_frame   0x0000000000000ab4       0x28 d:/intelfpga/18.1/nios2eds/bin/gnu/h-x86_64-mingw32/bin/../lib/gcc/nios2-elf/5.3.0/../../../../../H-x86_64-mingw32/nios2-elf/lib\libc.a(lib_a-exit.o)
 .debug_frame   0x0000000000000adc       0x20 d:/intelfpga/18.1/nios2eds/bin/gnu/h-x86_64-mingw32/bin/../lib/gcc/nios2-elf/5.3.0/../../../../../H-x86_64-mingw32/nios2-elf/lib\libc.a(lib_a-memcmp.o)
 .debug_frame   0x0000000000000afc       0x38 d:/intelfpga/18.1/nios2eds/bin/gnu/h-x86_64-mingw32/bin/../lib/gcc/nios2-elf/5.3.0/../../../../../H-x86_64-mingw32/nios2-elf/lib\libc.a(lib_a-memcpy.o)
 .debug_frame   0x0000000000000b34       0x20 d:/intelfpga/18.1/nios2eds/bin/gnu/h-x86_64-mingw32/bin/../lib/gcc/nios2-elf/5.3.0/../../../../../H-x86_64-mingw32/nios2-elf/lib\libc.a(lib_a-strlen.o)
 .debug_frame   0x0000000000000b54       0x38 d:/intelfpga/18.1/nios2eds/bin/gnu/h-x86_64-mingw32/bin/../lib/gcc/nios2-elf/5.3.0/../../../../../H-x86_64-mingw32/nios2-elf/lib\libc.a(lib_a-__atexit.o)
 .debug_frame   0x0000000000000b8c       0x54 d:/intelfpga/18.1/nios2eds/bin/gnu/h-x86_64-mingw32/bin/../lib/gcc/nios2-elf/5.3.0/../../../../../H-x86_64-mingw32/nios2-elf/lib\libc.a(lib_a-__call_atexit.o)
 .debug_frame   0x0000000000000be0       0x2c ../led_bsp/\libhal_bsp.a(alt_exit.o)

.debug_str      0x0000000000000000     0x1cba
 *(.debug_str)
 .debug_str     0x0000000000000000      0x166 obj/default/hello_world.o
                                        0x1a9 (size before relaxing)
 .debug_str     0x0000000000000166      0x16d d:/intelfpga/18.1/nios2eds/bin/gnu/h-x86_64-mingw32/bin/../lib/gcc/nios2-elf/5.3.0\libgcc.a(lib2-divmod.o)
                                        0x1b8 (size before relaxing)
 .debug_str     0x00000000000002d3      0x129 ../led_bsp/\libhal_bsp.a(alt_iic.o)
                                        0x23b (size before relaxing)
 .debug_str     0x00000000000003fc       0x4c ../led_bsp/\libhal_bsp.a(alt_iic_isr_register.o)
                                        0x1e5 (size before relaxing)
 .debug_str     0x0000000000000448       0x3a ../led_bsp/\libhal_bsp.a(alt_irq_handler.o)
                                        0x194 (size before relaxing)
 .debug_str     0x0000000000000482       0x17 ../led_bsp/\libhal_bsp.a(alt_irq_vars.o)
                                        0x137 (size before relaxing)
 .debug_str     0x0000000000000499       0xe9 ../led_bsp/\libhal_bsp.a(alt_load.o)
                                        0x20f (size before relaxing)
 .debug_str     0x0000000000000582       0x70 ../led_bsp/\libhal_bsp.a(alt_main.o)
                                        0x19a (size before relaxing)
 .debug_str     0x00000000000005f2       0x20 ../led_bsp/\libhal_bsp.a(alt_usleep.o)
                                        0x145 (size before relaxing)
 .debug_str     0x0000000000000612      0x1d3 ../led_bsp/\libhal_bsp.a(alt_sys_init.o)
                                        0x38d (size before relaxing)
 .debug_str     0x00000000000007e5       0xb9 ../led_bsp/\libhal_bsp.a(altera_avalon_jtag_uart_fd.o)
                                        0x3a1 (size before relaxing)
 .debug_str     0x000000000000089e       0xd1 ../led_bsp/\libhal_bsp.a(altera_avalon_jtag_uart_init.o)
                                        0x335 (size before relaxing)
 .debug_str     0x000000000000096f       0x4a ../led_bsp/\libhal_bsp.a(altera_avalon_jtag_uart_ioctl.o)
                                        0x290 (size before relaxing)
 .debug_str     0x00000000000009b9       0x48 ../led_bsp/\libhal_bsp.a(altera_avalon_jtag_uart_read.o)
                                        0x2e5 (size before relaxing)
 .debug_str     0x0000000000000a01       0x4a ../led_bsp/\libhal_bsp.a(altera_avalon_jtag_uart_write.o)
                                        0x2e6 (size before relaxing)
 .debug_str     0x0000000000000a4b       0x6d ../led_bsp/\libhal_bsp.a(altera_avalon_timer_sc.o)
                                        0x248 (size before relaxing)
 .debug_str     0x0000000000000ab8       0x59 ../led_bsp/\libhal_bsp.a(alt_alarm_start.o)
                                        0x27b (size before relaxing)
 .debug_str     0x0000000000000b11       0x42 ../led_bsp/\libhal_bsp.a(alt_busy_sleep.o)
                                        0x168 (size before relaxing)
 .debug_str     0x0000000000000b53       0x44 ../led_bsp/\libhal_bsp.a(alt_close.o)
                                        0x208 (size before relaxing)
 .debug_str     0x0000000000000b97       0x34 ../led_bsp/\libhal_bsp.a(alt_dcache_flush_all.o)
                                        0x152 (size before relaxing)
 .debug_str     0x0000000000000bcb      0x120 ../led_bsp/\libhal_bsp.a(alt_dev.o)
                                        0x302 (size before relaxing)
 .debug_str     0x0000000000000ceb       0x34 ../led_bsp/\libhal_bsp.a(alt_dev_llist_insert.o)
                                        0x1c9 (size before relaxing)
 .debug_str     0x0000000000000d1f       0x48 ../led_bsp/\libhal_bsp.a(alt_do_ctors.o)
                                         0xcd (size before relaxing)
 .debug_str     0x0000000000000d67       0x4c ../led_bsp/\libhal_bsp.a(alt_do_dtors.o)
                                         0xcc (size before relaxing)
 .debug_str     0x0000000000000db3       0x14 ../led_bsp/\libhal_bsp.a(alt_errno.o)
                                        0x142 (size before relaxing)
 .debug_str     0x0000000000000dc7       0x34 ../led_bsp/\libhal_bsp.a(alt_icache_flush_all.o)
                                        0x152 (size before relaxing)
 .debug_str     0x0000000000000dfb      0x48b ../led_bsp/\libhal_bsp.a(alt_instruction_exception_entry.o)
                                        0x59d (size before relaxing)
 .debug_str     0x0000000000001286       0x56 ../led_bsp/\libhal_bsp.a(alt_io_redirect.o)
                                        0x313 (size before relaxing)
 .debug_str     0x00000000000012dc       0x2f ../led_bsp/\libhal_bsp.a(alt_open.o)
                                        0x248 (size before relaxing)
 .debug_str     0x000000000000130b       0x28 ../led_bsp/\libhal_bsp.a(alt_release_fd.o)
                                        0x1d0 (size before relaxing)
 .debug_str     0x0000000000001333       0x4a ../led_bsp/\libhal_bsp.a(alt_tick.o)
                                        0x24f (size before relaxing)
 .debug_str     0x000000000000137d       0x3b ../led_bsp/\libhal_bsp.a(altera_nios2_gen2_irq.o)
                                        0x159 (size before relaxing)
 .debug_str     0x00000000000013b8       0x24 ../led_bsp/\libhal_bsp.a(alt_find_dev.o)
                                        0x1e9 (size before relaxing)
 .debug_str     0x00000000000013dc       0x26 ../led_bsp/\libhal_bsp.a(alt_find_file.o)
                                        0x1f7 (size before relaxing)
 .debug_str     0x0000000000001402       0x30 ../led_bsp/\libhal_bsp.a(alt_get_fd.o)
                                        0x219 (size before relaxing)
 .debug_str     0x0000000000001432       0x2c ../led_bsp/\libhal_bsp.a(alt_icache_flush.o)
                                        0x158 (size before relaxing)
 .debug_str     0x000000000000145e      0x162 d:/intelfpga/18.1/nios2eds/bin/gnu/h-x86_64-mingw32/bin/../lib/gcc/nios2-elf/5.3.0/../../../../../H-x86_64-mingw32/nios2-elf/lib\libc.a(lib_a-atexit.o)
                                        0x207 (size before relaxing)
 .debug_str     0x00000000000015c0      0x3ac d:/intelfpga/18.1/nios2eds/bin/gnu/h-x86_64-mingw32/bin/../lib/gcc/nios2-elf/5.3.0/../../../../../H-x86_64-mingw32/nios2-elf/lib\libc.a(lib_a-exit.o)
                                        0x5a4 (size before relaxing)
 .debug_str     0x000000000000196c       0xc8 d:/intelfpga/18.1/nios2eds/bin/gnu/h-x86_64-mingw32/bin/../lib/gcc/nios2-elf/5.3.0/../../../../../H-x86_64-mingw32/nios2-elf/lib\libc.a(lib_a-impure.o)
                                        0x59b (size before relaxing)
 .debug_str     0x0000000000001a34       0x3c d:/intelfpga/18.1/nios2eds/bin/gnu/h-x86_64-mingw32/bin/../lib/gcc/nios2-elf/5.3.0/../../../../../H-x86_64-mingw32/nios2-elf/lib\libc.a(lib_a-int_errno.o)
                                        0x1c3 (size before relaxing)
 .debug_str     0x0000000000001a70       0xcc d:/intelfpga/18.1/nios2eds/bin/gnu/h-x86_64-mingw32/bin/../lib/gcc/nios2-elf/5.3.0/../../../../../H-x86_64-mingw32/nios2-elf/lib\libc.a(lib_a-memcmp.o)
                                        0x1ca (size before relaxing)
 .debug_str     0x0000000000001b3c       0x68 d:/intelfpga/18.1/nios2eds/bin/gnu/h-x86_64-mingw32/bin/../lib/gcc/nios2-elf/5.3.0/../../../../../H-x86_64-mingw32/nios2-elf/lib\libc.a(lib_a-memcpy.o)
                                        0x1f1 (size before relaxing)
 .debug_str     0x0000000000001ba4       0x4e d:/intelfpga/18.1/nios2eds/bin/gnu/h-x86_64-mingw32/bin/../lib/gcc/nios2-elf/5.3.0/../../../../../H-x86_64-mingw32/nios2-elf/lib\libc.a(lib_a-strlen.o)
                                        0x1dd (size before relaxing)
 .debug_str     0x0000000000001bf2       0x3c d:/intelfpga/18.1/nios2eds/bin/gnu/h-x86_64-mingw32/bin/../lib/gcc/nios2-elf/5.3.0/../../../../../H-x86_64-mingw32/nios2-elf/lib\libc.a(lib_a-__atexit.o)
                                        0x5dc (size before relaxing)
 .debug_str     0x0000000000001c2e       0x62 d:/intelfpga/18.1/nios2eds/bin/gnu/h-x86_64-mingw32/bin/../lib/gcc/nios2-elf/5.3.0/../../../../../H-x86_64-mingw32/nios2-elf/lib\libc.a(lib_a-__call_atexit.o)
                                        0x5c8 (size before relaxing)
 .debug_str     0x0000000000001c90       0x2a ../led_bsp/\libhal_bsp.a(alt_exit.o)
                                        0x14e (size before relaxing)

.debug_loc      0x0000000000000000      0xc3e
 *(.debug_loc)
 .debug_loc     0x0000000000000000      0x4ce d:/intelfpga/18.1/nios2eds/bin/gnu/h-x86_64-mingw32/bin/../lib/gcc/nios2-elf/5.3.0\libgcc.a(lib2-divmod.o)
 .debug_loc     0x00000000000004ce       0x2c d:/intelfpga/18.1/nios2eds/bin/gnu/h-x86_64-mingw32/bin/../lib/gcc/nios2-elf/5.3.0/../../../../../H-x86_64-mingw32/nios2-elf/lib\libc.a(lib_a-atexit.o)
 .debug_loc     0x00000000000004fa       0x1e d:/intelfpga/18.1/nios2eds/bin/gnu/h-x86_64-mingw32/bin/../lib/gcc/nios2-elf/5.3.0/../../../../../H-x86_64-mingw32/nios2-elf/lib\libc.a(lib_a-exit.o)
 .debug_loc     0x0000000000000518      0x126 d:/intelfpga/18.1/nios2eds/bin/gnu/h-x86_64-mingw32/bin/../lib/gcc/nios2-elf/5.3.0/../../../../../H-x86_64-mingw32/nios2-elf/lib\libc.a(lib_a-memcmp.o)
 .debug_loc     0x000000000000063e      0x266 d:/intelfpga/18.1/nios2eds/bin/gnu/h-x86_64-mingw32/bin/../lib/gcc/nios2-elf/5.3.0/../../../../../H-x86_64-mingw32/nios2-elf/lib\libc.a(lib_a-memcpy.o)
 .debug_loc     0x00000000000008a4       0x47 d:/intelfpga/18.1/nios2eds/bin/gnu/h-x86_64-mingw32/bin/../lib/gcc/nios2-elf/5.3.0/../../../../../H-x86_64-mingw32/nios2-elf/lib\libc.a(lib_a-strlen.o)
 .debug_loc     0x00000000000008eb      0x185 d:/intelfpga/18.1/nios2eds/bin/gnu/h-x86_64-mingw32/bin/../lib/gcc/nios2-elf/5.3.0/../../../../../H-x86_64-mingw32/nios2-elf/lib\libc.a(lib_a-__atexit.o)
 .debug_loc     0x0000000000000a70      0x1ce d:/intelfpga/18.1/nios2eds/bin/gnu/h-x86_64-mingw32/bin/../lib/gcc/nios2-elf/5.3.0/../../../../../H-x86_64-mingw32/nios2-elf/lib\libc.a(lib_a-__call_atexit.o)

.debug_macinfo
 *(.debug_macinfo)

.debug_weaknames
 *(.debug_weaknames)

.debug_funcnames
 *(.debug_funcnames)

.debug_typenames
 *(.debug_typenames)

.debug_varnames
 *(.debug_varnames)

.debug_alt_sim_info
                0x0000000000000000       0x60
 *(.debug_alt_sim_info)
 .debug_alt_sim_info
                0x0000000000000000       0x30 ../led_bsp//obj/HAL/src/crt0.o
 .debug_alt_sim_info
                0x0000000000000030       0x30 ../led_bsp/\libhal_bsp.a(alt_busy_sleep.o)
                0x0000000000010000                __alt_data_end = 0x10000
                0x0000000000010000                PROVIDE (__alt_stack_pointer, __alt_data_end)
                [!provide]                        PROVIDE (__alt_stack_limit, __alt_stack_base)
                [!provide]                        PROVIDE (__alt_heap_start, end)
                [!provide]                        PROVIDE (__alt_heap_limit, 0x10000)
OUTPUT(led.elf elf32-littlenios2)

.debug_ranges   0x0000000000000000      0x1d8
 .debug_ranges  0x0000000000000000       0x20 ../led_bsp//obj/HAL/src/crt0.o
 .debug_ranges  0x0000000000000020       0x60 d:/intelfpga/18.1/nios2eds/bin/gnu/h-x86_64-mingw32/bin/../lib/gcc/nios2-elf/5.3.0\libgcc.a(lib2-divmod.o)
 .debug_ranges  0x0000000000000080       0x28 ../led_bsp/\libhal_bsp.a(alt_irq_entry.o)
 .debug_ranges  0x00000000000000a8       0x10 ../led_bsp/\libhal_bsp.a(alt_irq_handler.o)
 .debug_ranges  0x00000000000000b8       0x30 ../led_bsp/\libhal_bsp.a(altera_avalon_jtag_uart_init.o)
 .debug_ranges  0x00000000000000e8       0x18 ../led_bsp/\libhal_bsp.a(altera_avalon_jtag_uart_read.o)
 .debug_ranges  0x0000000000000100       0x30 ../led_bsp/\libhal_bsp.a(alt_exception_entry.o)
 .debug_ranges  0x0000000000000130       0x18 ../led_bsp/\libhal_bsp.a(alt_instruction_exception_entry.o)
 .debug_ranges  0x0000000000000148       0x10 d:/intelfpga/18.1/nios2eds/bin/gnu/h-x86_64-mingw32/bin/../lib/gcc/nios2-elf/5.3.0/../../../../../H-x86_64-mingw32/nios2-elf/lib\libc.a(lib_a-atexit.o)
 .debug_ranges  0x0000000000000158       0x10 d:/intelfpga/18.1/nios2eds/bin/gnu/h-x86_64-mingw32/bin/../lib/gcc/nios2-elf/5.3.0/../../../../../H-x86_64-mingw32/nios2-elf/lib\libc.a(lib_a-exit.o)
 .debug_ranges  0x0000000000000168       0x10 d:/intelfpga/18.1/nios2eds/bin/gnu/h-x86_64-mingw32/bin/../lib/gcc/nios2-elf/5.3.0/../../../../../H-x86_64-mingw32/nios2-elf/lib\libc.a(lib_a-memcmp.o)
 .debug_ranges  0x0000000000000178       0x10 d:/intelfpga/18.1/nios2eds/bin/gnu/h-x86_64-mingw32/bin/../lib/gcc/nios2-elf/5.3.0/../../../../../H-x86_64-mingw32/nios2-elf/lib\libc.a(lib_a-memcpy.o)
 .debug_ranges  0x0000000000000188       0x10 d:/intelfpga/18.1/nios2eds/bin/gnu/h-x86_64-mingw32/bin/../lib/gcc/nios2-elf/5.3.0/../../../../../H-x86_64-mingw32/nios2-elf/lib\libc.a(lib_a-strlen.o)
 .debug_ranges  0x0000000000000198       0x10 d:/intelfpga/18.1/nios2eds/bin/gnu/h-x86_64-mingw32/bin/../lib/gcc/nios2-elf/5.3.0/../../../../../H-x86_64-mingw32/nios2-elf/lib\libc.a(lib_a-__atexit.o)
 .debug_ranges  0x00000000000001a8       0x30 d:/intelfpga/18.1/nios2eds/bin/gnu/h-x86_64-mingw32/bin/../lib/gcc/nios2-elf/5.3.0/../../../../../H-x86_64-mingw32/nios2-elf/lib\libc.a(lib_a-__call_atexit.o)
